2026-05-07 15:14:41,971 - INFO - logger.py - 24 - AI Service started
2026-05-07 15:14:41,971 - INFO - logger.py - 25 - Logging system initialized
2026-05-07 15:14:42,294 - DEBUG - _trace.py - 87 - connect_tcp.started host='localhost' port=5198 local_address=None timeout=30.0 socket_options=None
2026-05-07 15:14:42,306 - DEBUG - _trace.py - 87 - connect_tcp.complete return_value=<httpcore._backends.anyio.AnyIOStream object at 0x00000162F51E4830>
2026-05-07 15:14:42,307 - DEBUG - _trace.py - 87 - send_request_headers.started request=<Request [b'GET']>
2026-05-07 15:14:42,307 - DEBUG - _trace.py - 87 - send_request_headers.complete
2026-05-07 15:14:42,308 - DEBUG - _trace.py - 87 - send_request_body.started request=<Request [b'GET']>
2026-05-07 15:14:42,308 - DEBUG - _trace.py - 87 - send_request_body.complete
2026-05-07 15:14:42,308 - DEBUG - _trace.py - 87 - receive_response_headers.started request=<Request [b'GET']>
2026-05-07 15:14:42,355 - DEBUG - _trace.py - 87 - receive_response_headers.complete return_value=(b'HTTP/1.1', 200, b'OK', [(b'Content-Type', b'application/json; charset=utf-8'), (b'Date', b'Thu, 07 May 2026 12:14:41 GMT'), (b'Server', b'Kestrel'), (b'Transfer-Encoding', b'chunked')])
2026-05-07 15:14:42,356 - INFO - _client.py - 1740 - HTTP Request: GET http://localhost:5198/api/Camera/ai "HTTP/1.1 200 OK"
2026-05-07 15:14:42,356 - DEBUG - _trace.py - 87 - receive_response_body.started request=<Request [b'GET']>
2026-05-07 15:14:42,356 - DEBUG - _trace.py - 87 - receive_response_body.complete
2026-05-07 15:14:42,357 - DEBUG - _trace.py - 87 - response_closed.started
2026-05-07 15:14:42,358 - DEBUG - _trace.py - 87 - response_closed.complete
2026-05-07 15:14:42,359 - DEBUG - _trace.py - 87 - close.started
2026-05-07 15:14:42,359 - DEBUG - _trace.py - 87 - close.complete
2026-05-07 15:14:42,360 - INFO - logger.py - 53 - Loaded 1 cameras
2026-05-07 15:14:47,232 - INFO - logger.py - 53 - Loading models is success
2026-05-07 15:14:47,479 - DEBUG - _trace.py - 87 - connect_tcp.started host='localhost' port=5198 local_address=None timeout=30.0 socket_options=None
2026-05-07 15:14:47,481 - DEBUG - _trace.py - 87 - connect_tcp.complete return_value=<httpcore._backends.anyio.AnyIOStream object at 0x00000162F51A39D0>
2026-05-07 15:14:47,482 - DEBUG - _trace.py - 87 - send_request_headers.started request=<Request [b'GET']>
2026-05-07 15:14:47,482 - DEBUG - _trace.py - 87 - send_request_headers.complete
2026-05-07 15:14:47,482 - DEBUG - _trace.py - 87 - send_request_body.started request=<Request [b'GET']>
2026-05-07 15:14:47,482 - DEBUG - _trace.py - 87 - send_request_body.complete
2026-05-07 15:14:47,482 - DEBUG - _trace.py - 87 - receive_response_headers.started request=<Request [b'GET']>
2026-05-07 15:14:47,492 - DEBUG - _trace.py - 87 - receive_response_headers.complete return_value=(b'HTTP/1.1', 200, b'OK', [(b'Content-Type', b'application/json; charset=utf-8'), (b'Date', b'Thu, 07 May 2026 12:14:47 GMT'), (b'Server', b'Kestrel'), (b'Transfer-Encoding', b'chunked')])
2026-05-07 15:14:47,492 - INFO - _client.py - 1740 - HTTP Request: GET http://localhost:5198/api/Face/get-all-faces "HTTP/1.1 200 OK"
2026-05-07 15:14:47,492 - DEBUG - _trace.py - 87 - receive_response_body.started request=<Request [b'GET']>
2026-05-07 15:14:47,493 - DEBUG - _trace.py - 87 - receive_response_body.complete
2026-05-07 15:14:47,494 - DEBUG - _trace.py - 87 - response_closed.started
2026-05-07 15:14:47,494 - DEBUG - _trace.py - 87 - response_closed.complete
2026-05-07 15:14:47,495 - DEBUG - _trace.py - 87 - close.started
2026-05-07 15:14:47,495 - DEBUG - _trace.py - 87 - close.complete
2026-05-07 15:14:49,587 - INFO - logger.py - 53 - Loading 2 faces and save them in faces.index is success
2026-05-07 15:14:49,587 - INFO - logger.py - 53 - The mode is test
2026-05-07 15:14:49,587 - INFO - logger.py - 53 - assign worker to each camera is success 1
2026-05-07 15:14:49,587 - INFO - logger.py - 53 - assign consumer is success
2026-05-07 15:14:49,587 - INFO - logger.py - 53 - workers and consumer is runing
2026-05-07 15:14:50,169 - INFO - logger.py - 53 - Camera 1 started
2026-05-07 15:16:18,655 - INFO - logger.py - 53 - Camera worker 1 cancelled
2026-05-07 15:16:18,700 - INFO - logger.py - 53 - Camera 1 released
