2026-05-07 15:51:39,454 - INFO - logger.py - 24 - AI Service started
2026-05-07 15:51:39,454 - INFO - logger.py - 25 - Logging system initialized
2026-05-07 15:51:39,834 - DEBUG - _trace.py - 87 - connect_tcp.started host='localhost' port=5198 local_address=None timeout=30.0 socket_options=None
2026-05-07 15:51:39,838 - DEBUG - _trace.py - 87 - connect_tcp.complete return_value=<httpcore._backends.anyio.AnyIOStream object at 0x000001DA777946E0>
2026-05-07 15:51:39,839 - DEBUG - _trace.py - 87 - send_request_headers.started request=<Request [b'GET']>
2026-05-07 15:51:39,839 - DEBUG - _trace.py - 87 - send_request_headers.complete
2026-05-07 15:51:39,841 - DEBUG - _trace.py - 87 - send_request_body.started request=<Request [b'GET']>
2026-05-07 15:51:39,841 - DEBUG - _trace.py - 87 - send_request_body.complete
2026-05-07 15:51:39,841 - DEBUG - _trace.py - 87 - receive_response_headers.started request=<Request [b'GET']>
2026-05-07 15:51:39,850 - DEBUG - _trace.py - 87 - receive_response_headers.complete return_value=(b'HTTP/1.1', 200, b'OK', [(b'Content-Type', b'application/json; charset=utf-8'), (b'Date', b'Thu, 07 May 2026 12:51:39 GMT'), (b'Server', b'Kestrel'), (b'Transfer-Encoding', b'chunked')])
2026-05-07 15:51:39,851 - INFO - _client.py - 1740 - HTTP Request: GET http://localhost:5198/api/Camera/ai "HTTP/1.1 200 OK"
2026-05-07 15:51:39,851 - DEBUG - _trace.py - 87 - receive_response_body.started request=<Request [b'GET']>
2026-05-07 15:51:39,852 - DEBUG - _trace.py - 87 - receive_response_body.complete
2026-05-07 15:51:39,852 - DEBUG - _trace.py - 87 - response_closed.started
2026-05-07 15:51:39,852 - DEBUG - _trace.py - 87 - response_closed.complete
2026-05-07 15:51:39,853 - DEBUG - _trace.py - 87 - close.started
2026-05-07 15:51:39,853 - DEBUG - _trace.py - 87 - close.complete
2026-05-07 15:51:39,854 - INFO - logger.py - 53 - Loaded 1 cameras
2026-05-07 15:51:44,521 - INFO - logger.py - 53 - Loading models is success
2026-05-07 15:51:44,755 - DEBUG - _trace.py - 87 - connect_tcp.started host='localhost' port=5198 local_address=None timeout=30.0 socket_options=None
2026-05-07 15:51:44,757 - DEBUG - _trace.py - 87 - connect_tcp.complete return_value=<httpcore._backends.anyio.AnyIOStream object at 0x000001DA77753890>
2026-05-07 15:51:44,758 - DEBUG - _trace.py - 87 - send_request_headers.started request=<Request [b'GET']>
2026-05-07 15:51:44,758 - DEBUG - _trace.py - 87 - send_request_headers.complete
2026-05-07 15:51:44,758 - DEBUG - _trace.py - 87 - send_request_body.started request=<Request [b'GET']>
2026-05-07 15:51:44,758 - DEBUG - _trace.py - 87 - send_request_body.complete
2026-05-07 15:51:44,758 - DEBUG - _trace.py - 87 - receive_response_headers.started request=<Request [b'GET']>
2026-05-07 15:51:44,768 - DEBUG - _trace.py - 87 - receive_response_headers.complete return_value=(b'HTTP/1.1', 200, b'OK', [(b'Content-Type', b'application/json; charset=utf-8'), (b'Date', b'Thu, 07 May 2026 12:51:44 GMT'), (b'Server', b'Kestrel'), (b'Transfer-Encoding', b'chunked')])
2026-05-07 15:51:44,768 - INFO - _client.py - 1740 - HTTP Request: GET http://localhost:5198/api/Face/get-all-faces "HTTP/1.1 200 OK"
2026-05-07 15:51:44,768 - DEBUG - _trace.py - 87 - receive_response_body.started request=<Request [b'GET']>
2026-05-07 15:51:44,768 - DEBUG - _trace.py - 87 - receive_response_body.complete
2026-05-07 15:51:44,769 - DEBUG - _trace.py - 87 - response_closed.started
2026-05-07 15:51:44,769 - DEBUG - _trace.py - 87 - response_closed.complete
2026-05-07 15:51:44,770 - DEBUG - _trace.py - 87 - close.started
2026-05-07 15:51:44,770 - DEBUG - _trace.py - 87 - close.complete
2026-05-07 15:51:46,782 - INFO - logger.py - 53 - Loading 2 faces and save them in faces.index is success
