2026-05-07 14:28:08,370 - INFO - logger.py - 24 - AI Service started
2026-05-07 14:28:08,370 - INFO - logger.py - 25 - Logging system initialized
2026-05-07 14:28:08,651 - DEBUG - _trace.py - 87 - connect_tcp.started host='localhost' port=5198 local_address=None timeout=30.0 socket_options=None
2026-05-07 14:28:08,655 - DEBUG - _trace.py - 87 - connect_tcp.complete return_value=<httpcore._backends.anyio.AnyIOStream object at 0x0000016B72C24980>
2026-05-07 14:28:08,655 - DEBUG - _trace.py - 87 - send_request_headers.started request=<Request [b'GET']>
2026-05-07 14:28:08,656 - DEBUG - _trace.py - 87 - send_request_headers.complete
2026-05-07 14:28:08,657 - DEBUG - _trace.py - 87 - send_request_body.started request=<Request [b'GET']>
2026-05-07 14:28:08,657 - DEBUG - _trace.py - 87 - send_request_body.complete
2026-05-07 14:28:08,657 - DEBUG - _trace.py - 87 - receive_response_headers.started request=<Request [b'GET']>
2026-05-07 14:28:08,666 - DEBUG - _trace.py - 87 - receive_response_headers.complete return_value=(b'HTTP/1.1', 200, b'OK', [(b'Content-Type', b'application/json; charset=utf-8'), (b'Date', b'Thu, 07 May 2026 11:28:08 GMT'), (b'Server', b'Kestrel'), (b'Transfer-Encoding', b'chunked')])
2026-05-07 14:28:08,666 - INFO - _client.py - 1740 - HTTP Request: GET http://localhost:5198/api/Camera/ai "HTTP/1.1 200 OK"
2026-05-07 14:28:08,666 - DEBUG - _trace.py - 87 - receive_response_body.started request=<Request [b'GET']>
2026-05-07 14:28:08,666 - DEBUG - _trace.py - 87 - receive_response_body.complete
2026-05-07 14:28:08,667 - DEBUG - _trace.py - 87 - response_closed.started
2026-05-07 14:28:08,667 - DEBUG - _trace.py - 87 - response_closed.complete
2026-05-07 14:28:08,668 - DEBUG - _trace.py - 87 - close.started
2026-05-07 14:28:08,668 - DEBUG - _trace.py - 87 - close.complete
2026-05-07 14:28:08,668 - INFO - logger.py - 53 - Loaded 1 cameras
2026-05-07 14:28:13,160 - INFO - logger.py - 53 - Loading models is success
2026-05-07 14:28:13,373 - DEBUG - _trace.py - 87 - connect_tcp.started host='localhost' port=5198 local_address=None timeout=30.0 socket_options=None
2026-05-07 14:28:13,375 - DEBUG - _trace.py - 87 - connect_tcp.complete return_value=<httpcore._backends.anyio.AnyIOStream object at 0x0000016B72BE39D0>
2026-05-07 14:28:13,376 - DEBUG - _trace.py - 87 - send_request_headers.started request=<Request [b'GET']>
2026-05-07 14:28:13,376 - DEBUG - _trace.py - 87 - send_request_headers.complete
2026-05-07 14:28:13,376 - DEBUG - _trace.py - 87 - send_request_body.started request=<Request [b'GET']>
2026-05-07 14:28:13,376 - DEBUG - _trace.py - 87 - send_request_body.complete
2026-05-07 14:28:13,376 - DEBUG - _trace.py - 87 - receive_response_headers.started request=<Request [b'GET']>
2026-05-07 14:28:13,383 - DEBUG - _trace.py - 87 - receive_response_headers.complete return_value=(b'HTTP/1.1', 200, b'OK', [(b'Content-Type', b'application/json; charset=utf-8'), (b'Date', b'Thu, 07 May 2026 11:28:12 GMT'), (b'Server', b'Kestrel'), (b'Transfer-Encoding', b'chunked')])
2026-05-07 14:28:13,384 - INFO - _client.py - 1740 - HTTP Request: GET http://localhost:5198/api/Face/get-all-faces "HTTP/1.1 200 OK"
2026-05-07 14:28:13,384 - DEBUG - _trace.py - 87 - receive_response_body.started request=<Request [b'GET']>
2026-05-07 14:28:13,384 - DEBUG - _trace.py - 87 - receive_response_body.complete
2026-05-07 14:28:13,384 - DEBUG - _trace.py - 87 - response_closed.started
2026-05-07 14:28:13,385 - DEBUG - _trace.py - 87 - response_closed.complete
2026-05-07 14:28:13,385 - DEBUG - _trace.py - 87 - close.started
2026-05-07 14:28:13,386 - DEBUG - _trace.py - 87 - close.complete
2026-05-07 14:28:15,114 - INFO - logger.py - 53 - Loading 2 faces and save them in faces.index is success
2026-05-07 14:28:15,114 - INFO - logger.py - 53 - The mode is test
2026-05-07 14:28:15,114 - INFO - logger.py - 53 - assign worker to each camera is success 1
2026-05-07 14:28:15,114 - INFO - logger.py - 53 - assign consumer is success
2026-05-07 14:28:15,114 - INFO - logger.py - 53 - workers and consumer is runing
2026-05-07 14:28:15,785 - INFO - logger.py - 53 - Camera 1 started
