2026-05-07 16:01:01,328 - INFO - logger.py - 24 - AI Service started
2026-05-07 16:01:01,329 - INFO - logger.py - 25 - Logging system initialized
2026-05-07 16:01:01,693 - DEBUG - _trace.py - 87 - connect_tcp.started host='localhost' port=5198 local_address=None timeout=30.0 socket_options=None
2026-05-07 16:01:01,697 - DEBUG - _trace.py - 87 - connect_tcp.complete return_value=<httpcore._backends.anyio.AnyIOStream object at 0x0000022474FF4830>
2026-05-07 16:01:01,698 - DEBUG - _trace.py - 87 - send_request_headers.started request=<Request [b'GET']>
2026-05-07 16:01:01,699 - DEBUG - _trace.py - 87 - send_request_headers.complete
2026-05-07 16:01:01,708 - DEBUG - _trace.py - 87 - send_request_body.started request=<Request [b'GET']>
2026-05-07 16:01:01,708 - DEBUG - _trace.py - 87 - send_request_body.complete
2026-05-07 16:01:01,708 - DEBUG - _trace.py - 87 - receive_response_headers.started request=<Request [b'GET']>
2026-05-07 16:01:01,742 - DEBUG - _trace.py - 87 - receive_response_headers.complete return_value=(b'HTTP/1.1', 200, b'OK', [(b'Content-Type', b'application/json; charset=utf-8'), (b'Date', b'Thu, 07 May 2026 13:01:00 GMT'), (b'Server', b'Kestrel'), (b'Transfer-Encoding', b'chunked')])
2026-05-07 16:01:01,742 - INFO - _client.py - 1740 - HTTP Request: GET http://localhost:5198/api/Camera/ai "HTTP/1.1 200 OK"
2026-05-07 16:01:01,743 - DEBUG - _trace.py - 87 - receive_response_body.started request=<Request [b'GET']>
2026-05-07 16:01:01,743 - DEBUG - _trace.py - 87 - receive_response_body.complete
2026-05-07 16:01:01,744 - DEBUG - _trace.py - 87 - response_closed.started
2026-05-07 16:01:01,744 - DEBUG - _trace.py - 87 - response_closed.complete
2026-05-07 16:01:01,745 - DEBUG - _trace.py - 87 - close.started
2026-05-07 16:01:01,746 - DEBUG - _trace.py - 87 - close.complete
2026-05-07 16:01:01,748 - INFO - logger.py - 53 - Loaded 1 cameras
2026-05-07 16:01:06,547 - INFO - logger.py - 53 - Loading models is success
2026-05-07 16:01:06,781 - DEBUG - _trace.py - 87 - connect_tcp.started host='localhost' port=5198 local_address=None timeout=30.0 socket_options=None
2026-05-07 16:01:06,784 - DEBUG - _trace.py - 87 - connect_tcp.complete return_value=<httpcore._backends.anyio.AnyIOStream object at 0x0000022474FB3890>
2026-05-07 16:01:06,785 - DEBUG - _trace.py - 87 - send_request_headers.started request=<Request [b'GET']>
2026-05-07 16:01:06,785 - DEBUG - _trace.py - 87 - send_request_headers.complete
2026-05-07 16:01:06,785 - DEBUG - _trace.py - 87 - send_request_body.started request=<Request [b'GET']>
2026-05-07 16:01:06,785 - DEBUG - _trace.py - 87 - send_request_body.complete
2026-05-07 16:01:06,785 - DEBUG - _trace.py - 87 - receive_response_headers.started request=<Request [b'GET']>
2026-05-07 16:01:06,793 - DEBUG - _trace.py - 87 - receive_response_headers.complete return_value=(b'HTTP/1.1', 200, b'OK', [(b'Content-Type', b'application/json; charset=utf-8'), (b'Date', b'Thu, 07 May 2026 13:01:06 GMT'), (b'Server', b'Kestrel'), (b'Transfer-Encoding', b'chunked')])
2026-05-07 16:01:06,793 - INFO - _client.py - 1740 - HTTP Request: GET http://localhost:5198/api/Face/get-all-faces "HTTP/1.1 200 OK"
2026-05-07 16:01:06,794 - DEBUG - _trace.py - 87 - receive_response_body.started request=<Request [b'GET']>
2026-05-07 16:01:06,794 - DEBUG - _trace.py - 87 - receive_response_body.complete
2026-05-07 16:01:06,794 - DEBUG - _trace.py - 87 - response_closed.started
2026-05-07 16:01:06,794 - DEBUG - _trace.py - 87 - response_closed.complete
2026-05-07 16:01:06,795 - DEBUG - _trace.py - 87 - close.started
2026-05-07 16:01:06,796 - DEBUG - _trace.py - 87 - close.complete
2026-05-07 16:01:08,576 - INFO - logger.py - 53 - Loading 2 faces and save them in faces.index is success
2026-05-07 16:01:08,576 - INFO - logger.py - 53 - The mode is test
2026-05-07 16:01:08,576 - INFO - logger.py - 53 - assign worker to each camera is success 1
2026-05-07 16:01:08,576 - INFO - logger.py - 53 - assign consumer is success
2026-05-07 16:01:08,576 - INFO - logger.py - 53 - workers and consumer is runing
2026-05-07 16:01:12,867 - INFO - logger.py - 53 - Camera 1004 started
2026-05-07 16:01:29,597 - DEBUG - _trace.py - 87 - connect_tcp.started host='localhost' port=5198 local_address=None timeout=30.0 socket_options=None
2026-05-07 16:01:29,600 - DEBUG - _trace.py - 87 - connect_tcp.complete return_value=<httpcore._backends.anyio.AnyIOStream object at 0x000002247533DF90>
2026-05-07 16:01:29,600 - DEBUG - _trace.py - 87 - send_request_headers.started request=<Request [b'POST']>
2026-05-07 16:01:29,601 - DEBUG - _trace.py - 87 - send_request_headers.complete
2026-05-07 16:01:29,601 - DEBUG - _trace.py - 87 - send_request_body.started request=<Request [b'POST']>
2026-05-07 16:01:29,601 - DEBUG - _trace.py - 87 - send_request_body.complete
2026-05-07 16:01:29,601 - DEBUG - _trace.py - 87 - receive_response_headers.started request=<Request [b'POST']>
2026-05-07 16:01:29,631 - DEBUG - _trace.py - 87 - receive_response_headers.complete return_value=(b'HTTP/1.1', 200, b'OK', [(b'Content-Type', b'application/json; charset=utf-8'), (b'Date', b'Thu, 07 May 2026 13:01:29 GMT'), (b'Server', b'Kestrel'), (b'Transfer-Encoding', b'chunked')])
2026-05-07 16:01:29,631 - INFO - _client.py - 1740 - HTTP Request: POST http://localhost:5198/api/Detection "HTTP/1.1 200 OK"
2026-05-07 16:01:29,631 - DEBUG - _trace.py - 87 - receive_response_body.started request=<Request [b'POST']>
2026-05-07 16:01:29,632 - DEBUG - _trace.py - 87 - receive_response_body.complete
2026-05-07 16:01:29,632 - DEBUG - _trace.py - 87 - response_closed.started
2026-05-07 16:01:29,632 - DEBUG - _trace.py - 87 - response_closed.complete
2026-05-07 16:01:29,634 - DEBUG - _trace.py - 87 - close.started
2026-05-07 16:01:29,635 - DEBUG - _trace.py - 87 - close.complete
2026-05-07 16:01:37,202 - INFO - logger.py - 53 - Camera worker 1004 cancelled
2026-05-07 16:01:37,501 - INFO - logger.py - 53 - Camera 1004 released
