2026-05-12 14:56:57,302 - INFO - logger.py - 24 - Logging system initialized
2026-05-12 14:56:57,302 - INFO - main.py - 25 - AI Service started
2026-05-12 14:56:57,302 - INFO - main.py - 26 - Mode is test
2026-05-12 14:56:57,870 - INFO - _client.py - 1740 - HTTP Request: GET http://localhost:5198/api/Camera/ai "HTTP/1.1 200 OK"
2026-05-12 14:56:57,874 - INFO - main.py - 31 - Get 2 cameras from backend
2026-05-12 14:56:57,874 - INFO - add_cameras.py - 26 - Loaded camera: 1 that has rtsp_url: 0
2026-05-12 14:57:02,900 - WARNING - add_cameras.py - 22 - can not read stream from: 3 that has rtsp_url: rtsp://192.168.1.1:539string
2026-05-12 14:57:02,900 - INFO - add_cameras.py - 28 - Loading 1 cameras and save them in settings.CAMERA_SOURCES is success
2026-05-12 14:57:02,902 - INFO - main.py - 39 - Device: {'device_id': -1, 'provider': 'CPUExecutionProvider', 'device': 'cpu'}
2026-05-12 14:57:06,770 - INFO - model_loader.py - 19 - Loading model face detection in cpu is success
2026-05-12 14:57:06,777 - INFO - model_loader.py - 26 - Loading model weapon detection in cpu is success
2026-05-12 14:57:07,481 - INFO - model_loader.py - 33 - Loading model abnormal detection in cpu is success
2026-05-12 14:57:07,481 - INFO - main.py - 41 - Loading 3 models is success
2026-05-12 14:57:07,864 - INFO - _client.py - 1740 - HTTP Request: GET http://localhost:5198/api/Face/get-all-faces "HTTP/1.1 200 OK"
2026-05-12 14:57:07,868 - INFO - main.py - 48 - Get 4 faces from backend
2026-05-12 14:57:07,868 - WARNING - add_faces.py - 27 - Failed to read image: D:\GitHub\graduation-project-smart-surveillance\backend\Smart_Surviellance\Smart_Surviellance\wwwroot\Images\6e3403e6-c3e5-41e9-a336-5a973d296795.jpeg in camera: 3 because invalid face_url
2026-05-12 14:57:08,647 - INFO - add_faces.py - 44 - add face: Images/4fd5c835-5191-40dd-ab2b-403b6890c8cb.jpeg camera: 1 is success
2026-05-12 14:57:09,324 - INFO - add_faces.py - 44 - add face: Images/6614be38-2e50-48e9-89ac-eaf75d1b350a.jpeg camera: 1 is success
2026-05-12 14:57:09,921 - INFO - add_faces.py - 44 - add face: Images/e148964d-84f7-49a4-a8e9-374da8bb1fa4.jpeg camera: 1 is success
2026-05-12 14:57:09,921 - INFO - add_faces.py - 46 - Loading 3 faces and save them in whithlist is success
2026-05-12 14:57:09,922 - INFO - main.py - 64 - assign worker to each camera is success 1
2026-05-12 14:57:09,922 - INFO - main.py - 69 - assign consumer is success
2026-05-12 14:57:09,922 - INFO - main.py - 76 - assign alert consumer is success
2026-05-12 14:57:09,922 - INFO - main.py - 82 - workers and consumers is runing
2026-05-12 14:57:10,420 - INFO - logger.py - 52 - Camera 1 started
2026-05-12 14:57:31,606 - INFO - _client.py - 1740 - HTTP Request: POST http://localhost:5198/api/Detection "HTTP/1.1 200 OK"
