2026-05-07 15:20:18,628 - INFO - logger.py - 24 - AI Service started
2026-05-07 15:20:18,629 - INFO - logger.py - 25 - Logging system initialized
2026-05-07 15:20:18,993 - DEBUG - _trace.py - 87 - connect_tcp.started host='localhost' port=5198 local_address=None timeout=30.0 socket_options=None
2026-05-07 15:20:19,002 - DEBUG - _trace.py - 87 - connect_tcp.complete return_value=<httpcore._backends.anyio.AnyIOStream object at 0x00000231F2E4FE00>
2026-05-07 15:20:19,003 - DEBUG - _trace.py - 87 - send_request_headers.started request=<Request [b'GET']>
2026-05-07 15:20:19,003 - DEBUG - _trace.py - 87 - send_request_headers.complete
2026-05-07 15:20:19,014 - DEBUG - _trace.py - 87 - send_request_body.started request=<Request [b'GET']>
2026-05-07 15:20:19,014 - DEBUG - _trace.py - 87 - send_request_body.complete
2026-05-07 15:20:19,014 - DEBUG - _trace.py - 87 - receive_response_headers.started request=<Request [b'GET']>
2026-05-07 15:20:19,020 - DEBUG - _trace.py - 87 - receive_response_headers.complete return_value=(b'HTTP/1.1', 200, b'OK', [(b'Content-Type', b'application/json; charset=utf-8'), (b'Date', b'Thu, 07 May 2026 12:20:18 GMT'), (b'Server', b'Kestrel'), (b'Transfer-Encoding', b'chunked')])
2026-05-07 15:20:19,020 - INFO - _client.py - 1740 - HTTP Request: GET http://localhost:5198/api/Camera/ai "HTTP/1.1 200 OK"
2026-05-07 15:20:19,021 - DEBUG - _trace.py - 87 - receive_response_body.started request=<Request [b'GET']>
2026-05-07 15:20:19,021 - DEBUG - _trace.py - 87 - receive_response_body.complete
2026-05-07 15:20:19,022 - DEBUG - _trace.py - 87 - response_closed.started
2026-05-07 15:20:19,023 - DEBUG - _trace.py - 87 - response_closed.complete
2026-05-07 15:20:19,026 - DEBUG - _trace.py - 87 - close.started
2026-05-07 15:20:19,027 - DEBUG - _trace.py - 87 - close.complete
2026-05-07 15:20:19,032 - INFO - logger.py - 53 - Loaded 1 cameras
2026-05-07 15:20:24,040 - INFO - logger.py - 53 - Loading models is success
2026-05-07 15:20:24,269 - DEBUG - _trace.py - 87 - connect_tcp.started host='localhost' port=5198 local_address=None timeout=30.0 socket_options=None
2026-05-07 15:20:24,272 - DEBUG - _trace.py - 87 - connect_tcp.complete return_value=<httpcore._backends.anyio.AnyIOStream object at 0x00000231F2EAF110>
2026-05-07 15:20:24,273 - DEBUG - _trace.py - 87 - send_request_headers.started request=<Request [b'GET']>
2026-05-07 15:20:24,273 - DEBUG - _trace.py - 87 - send_request_headers.complete
2026-05-07 15:20:24,273 - DEBUG - _trace.py - 87 - send_request_body.started request=<Request [b'GET']>
2026-05-07 15:20:24,274 - DEBUG - _trace.py - 87 - send_request_body.complete
2026-05-07 15:20:24,274 - DEBUG - _trace.py - 87 - receive_response_headers.started request=<Request [b'GET']>
2026-05-07 15:20:24,283 - DEBUG - _trace.py - 87 - receive_response_headers.complete return_value=(b'HTTP/1.1', 200, b'OK', [(b'Content-Type', b'application/json; charset=utf-8'), (b'Date', b'Thu, 07 May 2026 12:20:23 GMT'), (b'Server', b'Kestrel'), (b'Transfer-Encoding', b'chunked')])
2026-05-07 15:20:24,283 - INFO - _client.py - 1740 - HTTP Request: GET http://localhost:5198/api/Face/get-all-faces "HTTP/1.1 200 OK"
2026-05-07 15:20:24,284 - DEBUG - _trace.py - 87 - receive_response_body.started request=<Request [b'GET']>
2026-05-07 15:20:24,284 - DEBUG - _trace.py - 87 - receive_response_body.complete
2026-05-07 15:20:24,285 - DEBUG - _trace.py - 87 - response_closed.started
2026-05-07 15:20:24,285 - DEBUG - _trace.py - 87 - response_closed.complete
2026-05-07 15:20:24,286 - DEBUG - _trace.py - 87 - close.started
2026-05-07 15:20:24,286 - DEBUG - _trace.py - 87 - close.complete
2026-05-07 15:20:26,213 - INFO - logger.py - 53 - Loading 2 faces and save them in faces.index is success
2026-05-07 15:20:26,213 - INFO - logger.py - 53 - The mode is test
2026-05-07 15:20:26,213 - INFO - logger.py - 53 - assign worker to each camera is success 1
2026-05-07 15:20:26,213 - INFO - logger.py - 53 - assign consumer is success
2026-05-07 15:20:26,213 - INFO - logger.py - 53 - workers and consumer is runing
2026-05-07 15:20:30,683 - INFO - logger.py - 53 - Camera 1 started
2026-05-07 15:20:33,603 - DEBUG - _trace.py - 87 - connect_tcp.started host='localhost' port=5198 local_address=None timeout=30.0 socket_options=None
2026-05-07 15:20:33,606 - DEBUG - _trace.py - 87 - connect_tcp.complete return_value=<httpcore._backends.anyio.AnyIOStream object at 0x00000231F323D810>
2026-05-07 15:20:33,607 - DEBUG - _trace.py - 87 - send_request_headers.started request=<Request [b'POST']>
2026-05-07 15:20:33,607 - DEBUG - _trace.py - 87 - send_request_headers.complete
2026-05-07 15:20:33,607 - DEBUG - _trace.py - 87 - send_request_body.started request=<Request [b'POST']>
2026-05-07 15:20:33,607 - DEBUG - _trace.py - 87 - send_request_body.complete
2026-05-07 15:20:33,607 - DEBUG - _trace.py - 87 - receive_response_headers.started request=<Request [b'POST']>
2026-05-07 15:20:33,758 - DEBUG - _trace.py - 87 - receive_response_headers.complete return_value=(b'HTTP/1.1', 400, b'Bad Request', [(b'Content-Type', b'application/json; charset=utf-8'), (b'Date', b'Thu, 07 May 2026 12:20:33 GMT'), (b'Server', b'Kestrel'), (b'Transfer-Encoding', b'chunked')])
2026-05-07 15:20:33,758 - INFO - _client.py - 1740 - HTTP Request: POST http://localhost:5198/api/Detection "HTTP/1.1 400 Bad Request"
2026-05-07 15:20:33,758 - DEBUG - _trace.py - 87 - receive_response_body.started request=<Request [b'POST']>
2026-05-07 15:20:33,759 - DEBUG - _trace.py - 87 - receive_response_body.complete
2026-05-07 15:20:33,760 - DEBUG - _trace.py - 87 - response_closed.started
2026-05-07 15:20:33,760 - DEBUG - _trace.py - 87 - response_closed.complete
2026-05-07 15:20:33,761 - DEBUG - _trace.py - 87 - close.started
2026-05-07 15:20:33,761 - DEBUG - _trace.py - 87 - close.complete
2026-05-07 15:20:33,761 - ERROR - logger.py - 53 - Failed to assign run workers and consumer Client error '400 Bad Request' for url 'http://localhost:5198/api/Detection'
For more information check: https://developer.mozilla.org/en-US/docs/Web/HTTP/Status/400
2026-05-07 15:20:33,762 - INFO - logger.py - 53 - Camera worker 1 cancelled
2026-05-07 15:20:34,046 - INFO - logger.py - 53 - Camera 1 released
