2026-05-07 15:47:51,297 - INFO - logger.py - 24 - AI Service started
2026-05-07 15:47:51,298 - INFO - logger.py - 25 - Logging system initialized
2026-05-07 15:47:51,629 - DEBUG - _trace.py - 87 - connect_tcp.started host='localhost' port=5198 local_address=None timeout=30.0 socket_options=None
2026-05-07 15:47:51,633 - DEBUG - _trace.py - 87 - connect_tcp.complete return_value=<httpcore._backends.anyio.AnyIOStream object at 0x000001DFF8CA4980>
2026-05-07 15:47:51,634 - DEBUG - _trace.py - 87 - send_request_headers.started request=<Request [b'GET']>
2026-05-07 15:47:51,634 - DEBUG - _trace.py - 87 - send_request_headers.complete
2026-05-07 15:47:51,636 - DEBUG - _trace.py - 87 - send_request_body.started request=<Request [b'GET']>
2026-05-07 15:47:51,636 - DEBUG - _trace.py - 87 - send_request_body.complete
2026-05-07 15:47:51,636 - DEBUG - _trace.py - 87 - receive_response_headers.started request=<Request [b'GET']>
2026-05-07 15:47:51,643 - DEBUG - _trace.py - 87 - receive_response_headers.complete return_value=(b'HTTP/1.1', 200, b'OK', [(b'Content-Type', b'application/json; charset=utf-8'), (b'Date', b'Thu, 07 May 2026 12:47:51 GMT'), (b'Server', b'Kestrel'), (b'Transfer-Encoding', b'chunked')])
2026-05-07 15:47:51,643 - INFO - _client.py - 1740 - HTTP Request: GET http://localhost:5198/api/Camera/ai "HTTP/1.1 200 OK"
2026-05-07 15:47:51,643 - DEBUG - _trace.py - 87 - receive_response_body.started request=<Request [b'GET']>
2026-05-07 15:47:51,643 - DEBUG - _trace.py - 87 - receive_response_body.complete
2026-05-07 15:47:51,644 - DEBUG - _trace.py - 87 - response_closed.started
2026-05-07 15:47:51,644 - DEBUG - _trace.py - 87 - response_closed.complete
2026-05-07 15:47:51,646 - DEBUG - _trace.py - 87 - close.started
2026-05-07 15:47:51,646 - DEBUG - _trace.py - 87 - close.complete
2026-05-07 15:47:51,646 - INFO - logger.py - 53 - Loaded 1 cameras
2026-05-07 15:47:56,709 - INFO - logger.py - 53 - Loading models is success
2026-05-07 15:47:56,930 - DEBUG - _trace.py - 87 - connect_tcp.started host='localhost' port=5198 local_address=None timeout=30.0 socket_options=None
2026-05-07 15:47:56,933 - DEBUG - _trace.py - 87 - connect_tcp.complete return_value=<httpcore._backends.anyio.AnyIOStream object at 0x000001DFF8C5B890>
2026-05-07 15:47:56,934 - DEBUG - _trace.py - 87 - send_request_headers.started request=<Request [b'GET']>
2026-05-07 15:47:56,934 - DEBUG - _trace.py - 87 - send_request_headers.complete
2026-05-07 15:47:56,934 - DEBUG - _trace.py - 87 - send_request_body.started request=<Request [b'GET']>
2026-05-07 15:47:56,934 - DEBUG - _trace.py - 87 - send_request_body.complete
2026-05-07 15:47:56,934 - DEBUG - _trace.py - 87 - receive_response_headers.started request=<Request [b'GET']>
2026-05-07 15:47:56,944 - DEBUG - _trace.py - 87 - receive_response_headers.complete return_value=(b'HTTP/1.1', 200, b'OK', [(b'Content-Type', b'application/json; charset=utf-8'), (b'Date', b'Thu, 07 May 2026 12:47:56 GMT'), (b'Server', b'Kestrel'), (b'Transfer-Encoding', b'chunked')])
2026-05-07 15:47:56,944 - INFO - _client.py - 1740 - HTTP Request: GET http://localhost:5198/api/Face/get-all-faces "HTTP/1.1 200 OK"
2026-05-07 15:47:56,944 - DEBUG - _trace.py - 87 - receive_response_body.started request=<Request [b'GET']>
2026-05-07 15:47:56,945 - DEBUG - _trace.py - 87 - receive_response_body.complete
2026-05-07 15:47:56,946 - DEBUG - _trace.py - 87 - response_closed.started
2026-05-07 15:47:56,946 - DEBUG - _trace.py - 87 - response_closed.complete
2026-05-07 15:47:56,947 - DEBUG - _trace.py - 87 - close.started
2026-05-07 15:47:56,947 - DEBUG - _trace.py - 87 - close.complete
2026-05-07 15:47:58,744 - INFO - logger.py - 53 - Loading 2 faces and save them in faces.index is success
2026-05-07 15:47:58,744 - INFO - logger.py - 53 - The mode is test
2026-05-07 15:47:58,744 - INFO - logger.py - 53 - assign worker to each camera is success 1
2026-05-07 15:47:58,744 - INFO - logger.py - 53 - assign consumer is success
2026-05-07 15:47:58,744 - INFO - logger.py - 53 - workers and consumer is runing
2026-05-07 15:48:03,101 - INFO - logger.py - 53 - Camera 1 started
2026-05-07 15:48:07,235 - DEBUG - _trace.py - 87 - connect_tcp.started host='localhost' port=5198 local_address=None timeout=30.0 socket_options=None
2026-05-07 15:48:07,238 - DEBUG - _trace.py - 87 - connect_tcp.complete return_value=<httpcore._backends.anyio.AnyIOStream object at 0x000001DF282BE0D0>
2026-05-07 15:48:07,239 - DEBUG - _trace.py - 87 - send_request_headers.started request=<Request [b'POST']>
2026-05-07 15:48:07,239 - DEBUG - _trace.py - 87 - send_request_headers.complete
2026-05-07 15:48:07,239 - DEBUG - _trace.py - 87 - send_request_body.started request=<Request [b'POST']>
2026-05-07 15:48:07,239 - DEBUG - _trace.py - 87 - send_request_body.complete
2026-05-07 15:48:07,239 - DEBUG - _trace.py - 87 - receive_response_headers.started request=<Request [b'POST']>
2026-05-07 15:48:07,250 - DEBUG - _trace.py - 87 - receive_response_headers.complete return_value=(b'HTTP/1.1', 400, b'Bad Request', [(b'Content-Type', b'application/json; charset=utf-8'), (b'Date', b'Thu, 07 May 2026 12:48:06 GMT'), (b'Server', b'Kestrel'), (b'Transfer-Encoding', b'chunked')])
2026-05-07 15:48:07,250 - INFO - _client.py - 1740 - HTTP Request: POST http://localhost:5198/api/Detection "HTTP/1.1 400 Bad Request"
2026-05-07 15:48:07,250 - DEBUG - _trace.py - 87 - receive_response_body.started request=<Request [b'POST']>
2026-05-07 15:48:07,251 - DEBUG - _trace.py - 87 - receive_response_body.complete
2026-05-07 15:48:07,251 - DEBUG - _trace.py - 87 - response_closed.started
2026-05-07 15:48:07,251 - DEBUG - _trace.py - 87 - response_closed.complete
2026-05-07 15:48:07,252 - DEBUG - _trace.py - 87 - close.started
2026-05-07 15:48:07,253 - DEBUG - _trace.py - 87 - close.complete
2026-05-07 15:48:07,254 - ERROR - logger.py - 53 - Failed to assign run workers and consumer Client error '400 Bad Request' for url 'http://localhost:5198/api/Detection'
For more information check: https://developer.mozilla.org/en-US/docs/Web/HTTP/Status/400
2026-05-07 15:48:07,254 - INFO - logger.py - 53 - Camera worker 1 cancelled
2026-05-07 15:48:07,552 - INFO - logger.py - 53 - Camera 1 released
