2026-05-07 15:27:59,880 - INFO - logger.py - 24 - AI Service started
2026-05-07 15:27:59,880 - INFO - logger.py - 25 - Logging system initialized
2026-05-07 15:28:00,217 - DEBUG - _trace.py - 87 - connect_tcp.started host='localhost' port=5198 local_address=None timeout=30.0 socket_options=None
2026-05-07 15:28:00,221 - DEBUG - _trace.py - 87 - connect_tcp.complete return_value=<httpcore._backends.anyio.AnyIOStream object at 0x000001AFF2594980>
2026-05-07 15:28:00,222 - DEBUG - _trace.py - 87 - send_request_headers.started request=<Request [b'GET']>
2026-05-07 15:28:00,222 - DEBUG - _trace.py - 87 - send_request_headers.complete
2026-05-07 15:28:00,223 - DEBUG - _trace.py - 87 - send_request_body.started request=<Request [b'GET']>
2026-05-07 15:28:00,223 - DEBUG - _trace.py - 87 - send_request_body.complete
2026-05-07 15:28:00,223 - DEBUG - _trace.py - 87 - receive_response_headers.started request=<Request [b'GET']>
2026-05-07 15:28:00,361 - DEBUG - _trace.py - 87 - receive_response_headers.complete return_value=(b'HTTP/1.1', 200, b'OK', [(b'Content-Type', b'application/json; charset=utf-8'), (b'Date', b'Thu, 07 May 2026 12:27:59 GMT'), (b'Server', b'Kestrel'), (b'Transfer-Encoding', b'chunked')])
2026-05-07 15:28:00,361 - INFO - _client.py - 1740 - HTTP Request: GET http://localhost:5198/api/Camera/ai "HTTP/1.1 200 OK"
2026-05-07 15:28:00,361 - DEBUG - _trace.py - 87 - receive_response_body.started request=<Request [b'GET']>
2026-05-07 15:28:00,362 - DEBUG - _trace.py - 87 - receive_response_body.complete
2026-05-07 15:28:00,362 - DEBUG - _trace.py - 87 - response_closed.started
2026-05-07 15:28:00,362 - DEBUG - _trace.py - 87 - response_closed.complete
2026-05-07 15:28:00,363 - DEBUG - _trace.py - 87 - close.started
2026-05-07 15:28:00,363 - DEBUG - _trace.py - 87 - close.complete
2026-05-07 15:28:00,364 - INFO - logger.py - 53 - Loaded 1 cameras
2026-05-07 15:28:05,114 - INFO - logger.py - 53 - Loading models is success
2026-05-07 15:28:05,362 - DEBUG - _trace.py - 87 - connect_tcp.started host='localhost' port=5198 local_address=None timeout=30.0 socket_options=None
2026-05-07 15:28:05,365 - DEBUG - _trace.py - 87 - connect_tcp.complete return_value=<httpcore._backends.anyio.AnyIOStream object at 0x000001AFF2553890>
2026-05-07 15:28:05,366 - DEBUG - _trace.py - 87 - send_request_headers.started request=<Request [b'GET']>
2026-05-07 15:28:05,366 - DEBUG - _trace.py - 87 - send_request_headers.complete
2026-05-07 15:28:05,366 - DEBUG - _trace.py - 87 - send_request_body.started request=<Request [b'GET']>
2026-05-07 15:28:05,367 - DEBUG - _trace.py - 87 - send_request_body.complete
2026-05-07 15:28:05,367 - DEBUG - _trace.py - 87 - receive_response_headers.started request=<Request [b'GET']>
2026-05-07 15:28:05,376 - DEBUG - _trace.py - 87 - receive_response_headers.complete return_value=(b'HTTP/1.1', 200, b'OK', [(b'Content-Type', b'application/json; charset=utf-8'), (b'Date', b'Thu, 07 May 2026 12:28:04 GMT'), (b'Server', b'Kestrel'), (b'Transfer-Encoding', b'chunked')])
2026-05-07 15:28:05,376 - INFO - _client.py - 1740 - HTTP Request: GET http://localhost:5198/api/Face/get-all-faces "HTTP/1.1 200 OK"
2026-05-07 15:28:05,376 - DEBUG - _trace.py - 87 - receive_response_body.started request=<Request [b'GET']>
2026-05-07 15:28:05,377 - DEBUG - _trace.py - 87 - receive_response_body.complete
2026-05-07 15:28:05,377 - DEBUG - _trace.py - 87 - response_closed.started
2026-05-07 15:28:05,377 - DEBUG - _trace.py - 87 - response_closed.complete
2026-05-07 15:28:05,378 - DEBUG - _trace.py - 87 - close.started
2026-05-07 15:28:05,379 - DEBUG - _trace.py - 87 - close.complete
2026-05-07 15:28:07,314 - INFO - logger.py - 53 - Loading 2 faces and save them in faces.index is success
2026-05-07 15:28:07,314 - INFO - logger.py - 53 - The mode is test
2026-05-07 15:28:07,315 - INFO - logger.py - 53 - assign worker to each camera is success 1
2026-05-07 15:28:07,315 - INFO - logger.py - 53 - assign consumer is success
2026-05-07 15:28:07,315 - INFO - logger.py - 53 - workers and consumer is runing
2026-05-07 15:28:11,828 - INFO - logger.py - 53 - Camera 1 started
2026-05-07 15:28:30,545 - DEBUG - _trace.py - 87 - connect_tcp.started host='localhost' port=5198 local_address=None timeout=30.0 socket_options=None
2026-05-07 15:28:30,550 - DEBUG - _trace.py - 87 - connect_tcp.complete return_value=<httpcore._backends.anyio.AnyIOStream object at 0x000001AFF28DDF90>
2026-05-07 15:28:30,550 - DEBUG - _trace.py - 87 - send_request_headers.started request=<Request [b'POST']>
2026-05-07 15:28:30,552 - DEBUG - _trace.py - 87 - send_request_headers.complete
2026-05-07 15:28:30,552 - DEBUG - _trace.py - 87 - send_request_body.started request=<Request [b'POST']>
2026-05-07 15:28:30,552 - DEBUG - _trace.py - 87 - send_request_body.complete
2026-05-07 15:28:30,552 - DEBUG - _trace.py - 87 - receive_response_headers.started request=<Request [b'POST']>
2026-05-07 15:28:30,590 - DEBUG - _trace.py - 87 - receive_response_headers.complete return_value=(b'HTTP/1.1', 400, b'Bad Request', [(b'Content-Type', b'application/json; charset=utf-8'), (b'Date', b'Thu, 07 May 2026 12:28:30 GMT'), (b'Server', b'Kestrel'), (b'Transfer-Encoding', b'chunked')])
2026-05-07 15:28:30,590 - INFO - _client.py - 1740 - HTTP Request: POST http://localhost:5198/api/Detection "HTTP/1.1 400 Bad Request"
2026-05-07 15:28:30,591 - DEBUG - _trace.py - 87 - receive_response_body.started request=<Request [b'POST']>
2026-05-07 15:28:30,591 - DEBUG - _trace.py - 87 - receive_response_body.complete
2026-05-07 15:28:30,592 - DEBUG - _trace.py - 87 - response_closed.started
2026-05-07 15:28:30,592 - DEBUG - _trace.py - 87 - response_closed.complete
2026-05-07 15:28:30,593 - DEBUG - _trace.py - 87 - close.started
2026-05-07 15:28:30,593 - DEBUG - _trace.py - 87 - close.complete
2026-05-07 15:28:30,593 - ERROR - logger.py - 53 - Failed to assign run workers and consumer Client error '400 Bad Request' for url 'http://localhost:5198/api/Detection'
For more information check: https://developer.mozilla.org/en-US/docs/Web/HTTP/Status/400
2026-05-07 15:28:30,594 - INFO - logger.py - 53 - Camera worker 1 cancelled
2026-05-07 15:28:30,888 - INFO - logger.py - 53 - Camera 1 released
