2026-05-07 13:53:25,505 - INFO - logger.py - 24 - AI Service started
2026-05-07 13:53:25,505 - INFO - logger.py - 25 - Logging system initialized
2026-05-07 13:53:25,940 - DEBUG - _trace.py - 87 - connect_tcp.started host='localhost' port=5198 local_address=None timeout=30.0 socket_options=None
2026-05-07 13:53:25,944 - DEBUG - _trace.py - 87 - connect_tcp.complete return_value=<httpcore._backends.anyio.AnyIOStream object at 0x000001ADFCAD16A0>
2026-05-07 13:53:25,944 - DEBUG - _trace.py - 87 - send_request_headers.started request=<Request [b'GET']>
2026-05-07 13:53:25,945 - DEBUG - _trace.py - 87 - send_request_headers.complete
2026-05-07 13:53:25,945 - DEBUG - _trace.py - 87 - send_request_body.started request=<Request [b'GET']>
2026-05-07 13:53:25,947 - DEBUG - _trace.py - 87 - send_request_body.complete
2026-05-07 13:53:25,947 - DEBUG - _trace.py - 87 - receive_response_headers.started request=<Request [b'GET']>
2026-05-07 13:53:25,950 - DEBUG - _trace.py - 87 - receive_response_headers.complete return_value=(b'HTTP/1.1', 200, b'OK', [(b'Content-Type', b'application/json; charset=utf-8'), (b'Date', b'Thu, 07 May 2026 10:53:25 GMT'), (b'Server', b'Kestrel'), (b'Transfer-Encoding', b'chunked')])
2026-05-07 13:53:25,950 - INFO - _client.py - 1740 - HTTP Request: GET http://localhost:5198/api/Camera/ai "HTTP/1.1 200 OK"
2026-05-07 13:53:25,950 - DEBUG - _trace.py - 87 - receive_response_body.started request=<Request [b'GET']>
2026-05-07 13:53:25,951 - DEBUG - _trace.py - 87 - receive_response_body.complete
2026-05-07 13:53:25,952 - DEBUG - _trace.py - 87 - response_closed.started
2026-05-07 13:53:25,952 - DEBUG - _trace.py - 87 - response_closed.complete
2026-05-07 13:53:25,953 - DEBUG - _trace.py - 87 - close.started
2026-05-07 13:53:25,954 - DEBUG - _trace.py - 87 - close.complete
2026-05-07 13:53:25,954 - INFO - logger.py - 53 - Loaded 3 cameras
2026-05-07 13:53:29,200 - INFO - logger.py - 53 - Loading models is success
2026-05-07 13:53:29,487 - DEBUG - _trace.py - 87 - connect_tcp.started host='localhost' port=5198 local_address=None timeout=30.0 socket_options=None
2026-05-07 13:53:29,489 - DEBUG - _trace.py - 87 - connect_tcp.complete return_value=<httpcore._backends.anyio.AnyIOStream object at 0x000001ADFCB31450>
2026-05-07 13:53:29,490 - DEBUG - _trace.py - 87 - send_request_headers.started request=<Request [b'GET']>
2026-05-07 13:53:29,491 - DEBUG - _trace.py - 87 - send_request_headers.complete
2026-05-07 13:53:29,491 - DEBUG - _trace.py - 87 - send_request_body.started request=<Request [b'GET']>
2026-05-07 13:53:29,491 - DEBUG - _trace.py - 87 - send_request_body.complete
2026-05-07 13:53:29,491 - DEBUG - _trace.py - 87 - receive_response_headers.started request=<Request [b'GET']>
2026-05-07 13:53:29,494 - DEBUG - _trace.py - 87 - receive_response_headers.complete return_value=(b'HTTP/1.1', 200, b'OK', [(b'Content-Type', b'application/json; charset=utf-8'), (b'Date', b'Thu, 07 May 2026 10:53:28 GMT'), (b'Server', b'Kestrel'), (b'Transfer-Encoding', b'chunked')])
2026-05-07 13:53:29,494 - INFO - _client.py - 1740 - HTTP Request: GET http://localhost:5198/api/Face/get-all-faces "HTTP/1.1 200 OK"
2026-05-07 13:53:29,494 - DEBUG - _trace.py - 87 - receive_response_body.started request=<Request [b'GET']>
2026-05-07 13:53:29,495 - DEBUG - _trace.py - 87 - receive_response_body.complete
2026-05-07 13:53:29,495 - DEBUG - _trace.py - 87 - response_closed.started
2026-05-07 13:53:29,495 - DEBUG - _trace.py - 87 - response_closed.complete
2026-05-07 13:53:29,496 - DEBUG - _trace.py - 87 - close.started
2026-05-07 13:53:29,497 - DEBUG - _trace.py - 87 - close.complete
2026-05-07 13:53:31,219 - INFO - logger.py - 53 - Loading 4 faces and save them in faces.index is success
2026-05-07 13:53:31,220 - INFO - logger.py - 53 - The mode is test
2026-05-07 13:53:31,220 - INFO - logger.py - 53 - assign worker to each camera is success 1
2026-05-07 13:53:31,220 - INFO - logger.py - 53 - assign consumer is success
2026-05-07 13:53:31,220 - INFO - logger.py - 53 - workers and consumer is runing
2026-05-07 13:53:31,714 - INFO - logger.py - 53 - Camera 1 started
2026-05-07 13:54:20,370 - DEBUG - _trace.py - 87 - connect_tcp.started host='localhost' port=5198 local_address=None timeout=30.0 socket_options=None
2026-05-07 13:54:20,378 - DEBUG - _trace.py - 87 - connect_tcp.complete return_value=<httpcore._backends.anyio.AnyIOStream object at 0x000001ADFCB33250>
2026-05-07 13:54:20,379 - DEBUG - _trace.py - 87 - send_request_headers.started request=<Request [b'POST']>
2026-05-07 13:54:20,380 - DEBUG - _trace.py - 87 - send_request_headers.complete
2026-05-07 13:54:20,380 - DEBUG - _trace.py - 87 - send_request_body.started request=<Request [b'POST']>
2026-05-07 13:54:20,381 - DEBUG - _trace.py - 87 - send_request_body.complete
2026-05-07 13:54:20,381 - DEBUG - _trace.py - 87 - receive_response_headers.started request=<Request [b'POST']>
2026-05-07 13:54:20,398 - DEBUG - _trace.py - 87 - receive_response_headers.complete return_value=(b'HTTP/1.1', 200, b'OK', [(b'Content-Type', b'application/json; charset=utf-8'), (b'Date', b'Thu, 07 May 2026 10:54:20 GMT'), (b'Server', b'Kestrel'), (b'Transfer-Encoding', b'chunked')])
2026-05-07 13:54:20,399 - INFO - _client.py - 1740 - HTTP Request: POST http://localhost:5198/api/Detection "HTTP/1.1 200 OK"
2026-05-07 13:54:20,399 - DEBUG - _trace.py - 87 - receive_response_body.started request=<Request [b'POST']>
2026-05-07 13:54:20,399 - DEBUG - _trace.py - 87 - receive_response_body.complete
2026-05-07 13:54:20,400 - DEBUG - _trace.py - 87 - response_closed.started
2026-05-07 13:54:20,400 - DEBUG - _trace.py - 87 - response_closed.complete
2026-05-07 13:54:20,402 - DEBUG - _trace.py - 87 - close.started
2026-05-07 13:54:20,402 - DEBUG - _trace.py - 87 - close.complete
2026-05-07 13:54:23,084 - DEBUG - _trace.py - 87 - connect_tcp.started host='localhost' port=5198 local_address=None timeout=30.0 socket_options=None
2026-05-07 13:54:23,088 - DEBUG - _trace.py - 87 - connect_tcp.complete return_value=<httpcore._backends.anyio.AnyIOStream object at 0x000001AD8025D940>
2026-05-07 13:54:23,089 - DEBUG - _trace.py - 87 - send_request_headers.started request=<Request [b'POST']>
2026-05-07 13:54:23,090 - DEBUG - _trace.py - 87 - send_request_headers.complete
2026-05-07 13:54:23,090 - DEBUG - _trace.py - 87 - send_request_body.started request=<Request [b'POST']>
2026-05-07 13:54:23,090 - DEBUG - _trace.py - 87 - send_request_body.complete
2026-05-07 13:54:23,091 - DEBUG - _trace.py - 87 - receive_response_headers.started request=<Request [b'POST']>
2026-05-07 13:54:23,099 - DEBUG - _trace.py - 87 - receive_response_headers.complete return_value=(b'HTTP/1.1', 200, b'OK', [(b'Content-Type', b'application/json; charset=utf-8'), (b'Date', b'Thu, 07 May 2026 10:54:22 GMT'), (b'Server', b'Kestrel'), (b'Transfer-Encoding', b'chunked')])
2026-05-07 13:54:23,100 - INFO - _client.py - 1740 - HTTP Request: POST http://localhost:5198/api/Detection "HTTP/1.1 200 OK"
2026-05-07 13:54:23,100 - DEBUG - _trace.py - 87 - receive_response_body.started request=<Request [b'POST']>
2026-05-07 13:54:23,100 - DEBUG - _trace.py - 87 - receive_response_body.complete
2026-05-07 13:54:23,101 - DEBUG - _trace.py - 87 - response_closed.started
2026-05-07 13:54:23,102 - DEBUG - _trace.py - 87 - response_closed.complete
2026-05-07 13:54:23,103 - DEBUG - _trace.py - 87 - close.started
2026-05-07 13:54:23,104 - DEBUG - _trace.py - 87 - close.complete
2026-05-07 13:54:24,823 - DEBUG - _trace.py - 87 - connect_tcp.started host='localhost' port=5198 local_address=None timeout=30.0 socket_options=None
2026-05-07 13:54:24,828 - DEBUG - _trace.py - 87 - connect_tcp.complete return_value=<httpcore._backends.anyio.AnyIOStream object at 0x000001AD8025F490>
2026-05-07 13:54:24,828 - DEBUG - _trace.py - 87 - send_request_headers.started request=<Request [b'POST']>
2026-05-07 13:54:24,829 - DEBUG - _trace.py - 87 - send_request_headers.complete
2026-05-07 13:54:24,829 - DEBUG - _trace.py - 87 - send_request_body.started request=<Request [b'POST']>
2026-05-07 13:54:24,829 - DEBUG - _trace.py - 87 - send_request_body.complete
2026-05-07 13:54:24,830 - DEBUG - _trace.py - 87 - receive_response_headers.started request=<Request [b'POST']>
2026-05-07 13:54:24,834 - DEBUG - _trace.py - 87 - receive_response_headers.complete return_value=(b'HTTP/1.1', 200, b'OK', [(b'Content-Type', b'application/json; charset=utf-8'), (b'Date', b'Thu, 07 May 2026 10:54:24 GMT'), (b'Server', b'Kestrel'), (b'Transfer-Encoding', b'chunked')])
2026-05-07 13:54:24,835 - INFO - _client.py - 1740 - HTTP Request: POST http://localhost:5198/api/Detection "HTTP/1.1 200 OK"
2026-05-07 13:54:24,835 - DEBUG - _trace.py - 87 - receive_response_body.started request=<Request [b'POST']>
2026-05-07 13:54:24,835 - DEBUG - _trace.py - 87 - receive_response_body.complete
2026-05-07 13:54:24,836 - DEBUG - _trace.py - 87 - response_closed.started
2026-05-07 13:54:24,836 - DEBUG - _trace.py - 87 - response_closed.complete
2026-05-07 13:54:24,840 - DEBUG - _trace.py - 87 - close.started
2026-05-07 13:54:24,840 - DEBUG - _trace.py - 87 - close.complete
2026-05-07 13:54:41,146 - DEBUG - _trace.py - 87 - connect_tcp.started host='localhost' port=5198 local_address=None timeout=30.0 socket_options=None
2026-05-07 13:54:41,151 - DEBUG - _trace.py - 87 - connect_tcp.complete return_value=<httpcore._backends.anyio.AnyIOStream object at 0x000001AD8023A210>
2026-05-07 13:54:41,152 - DEBUG - _trace.py - 87 - send_request_headers.started request=<Request [b'POST']>
2026-05-07 13:54:41,152 - DEBUG - _trace.py - 87 - send_request_headers.complete
2026-05-07 13:54:41,152 - DEBUG - _trace.py - 87 - send_request_body.started request=<Request [b'POST']>
2026-05-07 13:54:41,152 - DEBUG - _trace.py - 87 - send_request_body.complete
2026-05-07 13:54:41,153 - DEBUG - _trace.py - 87 - receive_response_headers.started request=<Request [b'POST']>
2026-05-07 13:54:41,162 - DEBUG - _trace.py - 87 - receive_response_headers.complete return_value=(b'HTTP/1.1', 200, b'OK', [(b'Content-Type', b'application/json; charset=utf-8'), (b'Date', b'Thu, 07 May 2026 10:54:40 GMT'), (b'Server', b'Kestrel'), (b'Transfer-Encoding', b'chunked')])
2026-05-07 13:54:41,163 - INFO - _client.py - 1740 - HTTP Request: POST http://localhost:5198/api/Detection "HTTP/1.1 200 OK"
2026-05-07 13:54:41,164 - DEBUG - _trace.py - 87 - receive_response_body.started request=<Request [b'POST']>
2026-05-07 13:54:41,164 - DEBUG - _trace.py - 87 - receive_response_body.complete
2026-05-07 13:54:41,166 - DEBUG - _trace.py - 87 - response_closed.started
2026-05-07 13:54:41,166 - DEBUG - _trace.py - 87 - response_closed.complete
2026-05-07 13:54:41,167 - DEBUG - _trace.py - 87 - close.started
2026-05-07 13:54:41,168 - DEBUG - _trace.py - 87 - close.complete
2026-05-07 13:54:44,484 - DEBUG - _trace.py - 87 - connect_tcp.started host='localhost' port=5198 local_address=None timeout=30.0 socket_options=None
2026-05-07 13:54:44,488 - DEBUG - _trace.py - 87 - connect_tcp.complete return_value=<httpcore._backends.anyio.AnyIOStream object at 0x000001ADFCAEB680>
2026-05-07 13:54:44,489 - DEBUG - _trace.py - 87 - send_request_headers.started request=<Request [b'POST']>
2026-05-07 13:54:44,491 - DEBUG - _trace.py - 87 - send_request_headers.complete
2026-05-07 13:54:44,491 - DEBUG - _trace.py - 87 - send_request_body.started request=<Request [b'POST']>
2026-05-07 13:54:44,491 - DEBUG - _trace.py - 87 - send_request_body.complete
2026-05-07 13:54:44,491 - DEBUG - _trace.py - 87 - receive_response_headers.started request=<Request [b'POST']>
2026-05-07 13:54:44,499 - DEBUG - _trace.py - 87 - receive_response_headers.complete return_value=(b'HTTP/1.1', 200, b'OK', [(b'Content-Type', b'application/json; charset=utf-8'), (b'Date', b'Thu, 07 May 2026 10:54:43 GMT'), (b'Server', b'Kestrel'), (b'Transfer-Encoding', b'chunked')])
2026-05-07 13:54:44,500 - INFO - _client.py - 1740 - HTTP Request: POST http://localhost:5198/api/Detection "HTTP/1.1 200 OK"
2026-05-07 13:54:44,500 - DEBUG - _trace.py - 87 - receive_response_body.started request=<Request [b'POST']>
2026-05-07 13:54:44,500 - DEBUG - _trace.py - 87 - receive_response_body.complete
2026-05-07 13:54:44,501 - DEBUG - _trace.py - 87 - response_closed.started
2026-05-07 13:54:44,501 - DEBUG - _trace.py - 87 - response_closed.complete
2026-05-07 13:54:44,503 - DEBUG - _trace.py - 87 - close.started
2026-05-07 13:54:44,504 - DEBUG - _trace.py - 87 - close.complete
2026-05-07 13:55:08,206 - DEBUG - _trace.py - 87 - connect_tcp.started host='localhost' port=5198 local_address=None timeout=30.0 socket_options=None
2026-05-07 13:55:08,210 - DEBUG - _trace.py - 87 - connect_tcp.complete return_value=<httpcore._backends.anyio.AnyIOStream object at 0x000001AD8026CF30>
2026-05-07 13:55:08,211 - DEBUG - _trace.py - 87 - send_request_headers.started request=<Request [b'POST']>
2026-05-07 13:55:08,211 - DEBUG - _trace.py - 87 - send_request_headers.complete
2026-05-07 13:55:08,212 - DEBUG - _trace.py - 87 - send_request_body.started request=<Request [b'POST']>
2026-05-07 13:55:08,212 - DEBUG - _trace.py - 87 - send_request_body.complete
2026-05-07 13:55:08,212 - DEBUG - _trace.py - 87 - receive_response_headers.started request=<Request [b'POST']>
2026-05-07 13:55:08,220 - DEBUG - _trace.py - 87 - receive_response_headers.complete return_value=(b'HTTP/1.1', 200, b'OK', [(b'Content-Type', b'application/json; charset=utf-8'), (b'Date', b'Thu, 07 May 2026 10:55:07 GMT'), (b'Server', b'Kestrel'), (b'Transfer-Encoding', b'chunked')])
2026-05-07 13:55:08,221 - INFO - _client.py - 1740 - HTTP Request: POST http://localhost:5198/api/Detection "HTTP/1.1 200 OK"
2026-05-07 13:55:08,221 - DEBUG - _trace.py - 87 - receive_response_body.started request=<Request [b'POST']>
2026-05-07 13:55:08,221 - DEBUG - _trace.py - 87 - receive_response_body.complete
2026-05-07 13:55:08,222 - DEBUG - _trace.py - 87 - response_closed.started
2026-05-07 13:55:08,222 - DEBUG - _trace.py - 87 - response_closed.complete
2026-05-07 13:55:08,223 - DEBUG - _trace.py - 87 - close.started
2026-05-07 13:55:08,223 - DEBUG - _trace.py - 87 - close.complete
2026-05-07 13:55:39,572 - DEBUG - _trace.py - 87 - connect_tcp.started host='localhost' port=5198 local_address=None timeout=30.0 socket_options=None
2026-05-07 13:55:39,576 - DEBUG - _trace.py - 87 - connect_tcp.complete return_value=<httpcore._backends.anyio.AnyIOStream object at 0x000001ADFCB7BD50>
2026-05-07 13:55:39,577 - DEBUG - _trace.py - 87 - send_request_headers.started request=<Request [b'POST']>
2026-05-07 13:55:39,577 - DEBUG - _trace.py - 87 - send_request_headers.complete
2026-05-07 13:55:39,577 - DEBUG - _trace.py - 87 - send_request_body.started request=<Request [b'POST']>
2026-05-07 13:55:39,578 - DEBUG - _trace.py - 87 - send_request_body.complete
2026-05-07 13:55:39,578 - DEBUG - _trace.py - 87 - receive_response_headers.started request=<Request [b'POST']>
2026-05-07 13:55:39,586 - DEBUG - _trace.py - 87 - receive_response_headers.complete return_value=(b'HTTP/1.1', 200, b'OK', [(b'Content-Type', b'application/json; charset=utf-8'), (b'Date', b'Thu, 07 May 2026 10:55:39 GMT'), (b'Server', b'Kestrel'), (b'Transfer-Encoding', b'chunked')])
2026-05-07 13:55:39,587 - INFO - _client.py - 1740 - HTTP Request: POST http://localhost:5198/api/Detection "HTTP/1.1 200 OK"
2026-05-07 13:55:39,587 - DEBUG - _trace.py - 87 - receive_response_body.started request=<Request [b'POST']>
2026-05-07 13:55:39,587 - DEBUG - _trace.py - 87 - receive_response_body.complete
2026-05-07 13:55:39,588 - DEBUG - _trace.py - 87 - response_closed.started
2026-05-07 13:55:39,588 - DEBUG - _trace.py - 87 - response_closed.complete
2026-05-07 13:55:39,590 - DEBUG - _trace.py - 87 - close.started
2026-05-07 13:55:39,590 - DEBUG - _trace.py - 87 - close.complete
