2026-05-07 15:17:06,156 - INFO - logger.py - 24 - AI Service started
2026-05-07 15:17:06,156 - INFO - logger.py - 25 - Logging system initialized
2026-05-07 15:17:06,462 - DEBUG - _trace.py - 87 - connect_tcp.started host='localhost' port=5198 local_address=None timeout=30.0 socket_options=None
2026-05-07 15:17:06,465 - DEBUG - _trace.py - 87 - connect_tcp.complete return_value=<httpcore._backends.anyio.AnyIOStream object at 0x0000015A77C14980>
2026-05-07 15:17:06,466 - DEBUG - _trace.py - 87 - send_request_headers.started request=<Request [b'GET']>
2026-05-07 15:17:06,467 - DEBUG - _trace.py - 87 - send_request_headers.complete
2026-05-07 15:17:06,477 - DEBUG - _trace.py - 87 - send_request_body.started request=<Request [b'GET']>
2026-05-07 15:17:06,477 - DEBUG - _trace.py - 87 - send_request_body.complete
2026-05-07 15:17:06,477 - DEBUG - _trace.py - 87 - receive_response_headers.started request=<Request [b'GET']>
2026-05-07 15:17:06,513 - DEBUG - _trace.py - 87 - receive_response_headers.complete return_value=(b'HTTP/1.1', 200, b'OK', [(b'Content-Type', b'application/json; charset=utf-8'), (b'Date', b'Thu, 07 May 2026 12:17:06 GMT'), (b'Server', b'Kestrel'), (b'Transfer-Encoding', b'chunked')])
2026-05-07 15:17:06,513 - INFO - _client.py - 1740 - HTTP Request: GET http://localhost:5198/api/Camera/ai "HTTP/1.1 200 OK"
2026-05-07 15:17:06,513 - DEBUG - _trace.py - 87 - receive_response_body.started request=<Request [b'GET']>
2026-05-07 15:17:06,513 - DEBUG - _trace.py - 87 - receive_response_body.complete
2026-05-07 15:17:06,514 - DEBUG - _trace.py - 87 - response_closed.started
2026-05-07 15:17:06,514 - DEBUG - _trace.py - 87 - response_closed.complete
2026-05-07 15:17:06,515 - DEBUG - _trace.py - 87 - close.started
2026-05-07 15:17:06,515 - DEBUG - _trace.py - 87 - close.complete
2026-05-07 15:17:06,516 - INFO - logger.py - 53 - Loaded 1 cameras
2026-05-07 15:17:11,136 - INFO - logger.py - 53 - Loading models is success
2026-05-07 15:17:11,367 - DEBUG - _trace.py - 87 - connect_tcp.started host='localhost' port=5198 local_address=None timeout=30.0 socket_options=None
2026-05-07 15:17:11,369 - DEBUG - _trace.py - 87 - connect_tcp.complete return_value=<httpcore._backends.anyio.AnyIOStream object at 0x0000015A77BD39D0>
2026-05-07 15:17:11,370 - DEBUG - _trace.py - 87 - send_request_headers.started request=<Request [b'GET']>
2026-05-07 15:17:11,370 - DEBUG - _trace.py - 87 - send_request_headers.complete
2026-05-07 15:17:11,371 - DEBUG - _trace.py - 87 - send_request_body.started request=<Request [b'GET']>
2026-05-07 15:17:11,371 - DEBUG - _trace.py - 87 - send_request_body.complete
2026-05-07 15:17:11,371 - DEBUG - _trace.py - 87 - receive_response_headers.started request=<Request [b'GET']>
2026-05-07 15:17:11,382 - DEBUG - _trace.py - 87 - receive_response_headers.complete return_value=(b'HTTP/1.1', 200, b'OK', [(b'Content-Type', b'application/json; charset=utf-8'), (b'Date', b'Thu, 07 May 2026 12:17:10 GMT'), (b'Server', b'Kestrel'), (b'Transfer-Encoding', b'chunked')])
2026-05-07 15:17:11,383 - INFO - _client.py - 1740 - HTTP Request: GET http://localhost:5198/api/Face/get-all-faces "HTTP/1.1 200 OK"
2026-05-07 15:17:11,383 - DEBUG - _trace.py - 87 - receive_response_body.started request=<Request [b'GET']>
2026-05-07 15:17:11,383 - DEBUG - _trace.py - 87 - receive_response_body.complete
2026-05-07 15:17:11,384 - DEBUG - _trace.py - 87 - response_closed.started
2026-05-07 15:17:11,385 - DEBUG - _trace.py - 87 - response_closed.complete
2026-05-07 15:17:11,385 - DEBUG - _trace.py - 87 - close.started
2026-05-07 15:17:11,386 - DEBUG - _trace.py - 87 - close.complete
2026-05-07 15:17:13,415 - INFO - logger.py - 53 - Loading 2 faces and save them in faces.index is success
2026-05-07 15:17:13,415 - INFO - logger.py - 53 - The mode is test
2026-05-07 15:17:13,416 - INFO - logger.py - 53 - assign worker to each camera is success 1
2026-05-07 15:17:13,416 - INFO - logger.py - 53 - assign consumer is success
2026-05-07 15:17:13,416 - INFO - logger.py - 53 - workers and consumer is runing
2026-05-07 15:17:14,048 - INFO - logger.py - 53 - Camera 1 started
2026-05-07 15:17:34,659 - INFO - logger.py - 53 - Camera worker 1 cancelled
2026-05-07 15:17:34,703 - INFO - logger.py - 53 - Camera 1 released
