2026-05-07 15:52:18,107 - INFO - logger.py - 24 - AI Service started
2026-05-07 15:52:18,107 - INFO - logger.py - 25 - Logging system initialized
2026-05-07 15:52:18,459 - DEBUG - _trace.py - 87 - connect_tcp.started host='localhost' port=5198 local_address=None timeout=30.0 socket_options=None
2026-05-07 15:52:18,461 - DEBUG - _trace.py - 87 - connect_tcp.complete return_value=<httpcore._backends.anyio.AnyIOStream object at 0x000001D77743FCB0>
2026-05-07 15:52:18,462 - DEBUG - _trace.py - 87 - send_request_headers.started request=<Request [b'GET']>
2026-05-07 15:52:18,463 - DEBUG - _trace.py - 87 - send_request_headers.complete
2026-05-07 15:52:18,472 - DEBUG - _trace.py - 87 - send_request_body.started request=<Request [b'GET']>
2026-05-07 15:52:18,472 - DEBUG - _trace.py - 87 - send_request_body.complete
2026-05-07 15:52:18,472 - DEBUG - _trace.py - 87 - receive_response_headers.started request=<Request [b'GET']>
2026-05-07 15:52:18,473 - DEBUG - _trace.py - 87 - receive_response_headers.complete return_value=(b'HTTP/1.1', 200, b'OK', [(b'Content-Type', b'application/json; charset=utf-8'), (b'Date', b'Thu, 07 May 2026 12:52:17 GMT'), (b'Server', b'Kestrel'), (b'Transfer-Encoding', b'chunked')])
2026-05-07 15:52:18,473 - INFO - _client.py - 1740 - HTTP Request: GET http://localhost:5198/api/Camera/ai "HTTP/1.1 200 OK"
2026-05-07 15:52:18,473 - DEBUG - _trace.py - 87 - receive_response_body.started request=<Request [b'GET']>
2026-05-07 15:52:18,474 - DEBUG - _trace.py - 87 - receive_response_body.complete
2026-05-07 15:52:18,475 - DEBUG - _trace.py - 87 - response_closed.started
2026-05-07 15:52:18,475 - DEBUG - _trace.py - 87 - response_closed.complete
2026-05-07 15:52:18,476 - DEBUG - _trace.py - 87 - close.started
2026-05-07 15:52:18,476 - DEBUG - _trace.py - 87 - close.complete
2026-05-07 15:52:18,476 - INFO - logger.py - 53 - Loaded 1 cameras
2026-05-07 15:52:23,353 - INFO - logger.py - 53 - Loading models is success
2026-05-07 15:52:23,591 - DEBUG - _trace.py - 87 - connect_tcp.started host='localhost' port=5198 local_address=None timeout=30.0 socket_options=None
2026-05-07 15:52:23,594 - DEBUG - _trace.py - 87 - connect_tcp.complete return_value=<httpcore._backends.anyio.AnyIOStream object at 0x000001D77749F110>
2026-05-07 15:52:23,594 - DEBUG - _trace.py - 87 - send_request_headers.started request=<Request [b'GET']>
2026-05-07 15:52:23,595 - DEBUG - _trace.py - 87 - send_request_headers.complete
2026-05-07 15:52:23,595 - DEBUG - _trace.py - 87 - send_request_body.started request=<Request [b'GET']>
2026-05-07 15:52:23,595 - DEBUG - _trace.py - 87 - send_request_body.complete
2026-05-07 15:52:23,595 - DEBUG - _trace.py - 87 - receive_response_headers.started request=<Request [b'GET']>
2026-05-07 15:52:23,602 - DEBUG - _trace.py - 87 - receive_response_headers.complete return_value=(b'HTTP/1.1', 200, b'OK', [(b'Content-Type', b'application/json; charset=utf-8'), (b'Date', b'Thu, 07 May 2026 12:52:23 GMT'), (b'Server', b'Kestrel'), (b'Transfer-Encoding', b'chunked')])
2026-05-07 15:52:23,602 - INFO - _client.py - 1740 - HTTP Request: GET http://localhost:5198/api/Face/get-all-faces "HTTP/1.1 200 OK"
2026-05-07 15:52:23,602 - DEBUG - _trace.py - 87 - receive_response_body.started request=<Request [b'GET']>
2026-05-07 15:52:23,602 - DEBUG - _trace.py - 87 - receive_response_body.complete
2026-05-07 15:52:23,603 - DEBUG - _trace.py - 87 - response_closed.started
2026-05-07 15:52:23,603 - DEBUG - _trace.py - 87 - response_closed.complete
2026-05-07 15:52:23,604 - DEBUG - _trace.py - 87 - close.started
2026-05-07 15:52:23,605 - DEBUG - _trace.py - 87 - close.complete
2026-05-07 15:52:25,568 - INFO - logger.py - 53 - Loading 2 faces and save them in faces.index is success
2026-05-07 15:52:25,568 - INFO - logger.py - 53 - The mode is test
2026-05-07 15:52:25,568 - INFO - logger.py - 53 - assign worker to each camera is success 1
2026-05-07 15:52:25,568 - INFO - logger.py - 53 - assign consumer is success
2026-05-07 15:52:25,568 - INFO - logger.py - 53 - workers and consumer is runing
2026-05-07 15:52:29,682 - INFO - logger.py - 53 - Camera 1004 started
2026-05-07 15:53:10,739 - DEBUG - _trace.py - 87 - connect_tcp.started host='localhost' port=5198 local_address=None timeout=30.0 socket_options=None
2026-05-07 15:53:10,743 - DEBUG - _trace.py - 87 - connect_tcp.complete return_value=<httpcore._backends.anyio.AnyIOStream object at 0x000001D6882B1950>
2026-05-07 15:53:10,743 - DEBUG - _trace.py - 87 - send_request_headers.started request=<Request [b'POST']>
2026-05-07 15:53:10,744 - DEBUG - _trace.py - 87 - send_request_headers.complete
2026-05-07 15:53:10,744 - DEBUG - _trace.py - 87 - send_request_body.started request=<Request [b'POST']>
2026-05-07 15:53:10,745 - DEBUG - _trace.py - 87 - send_request_body.complete
2026-05-07 15:53:10,745 - DEBUG - _trace.py - 87 - receive_response_headers.started request=<Request [b'POST']>
2026-05-07 15:53:10,876 - DEBUG - _trace.py - 87 - receive_response_headers.complete return_value=(b'HTTP/1.1', 200, b'OK', [(b'Content-Type', b'application/json; charset=utf-8'), (b'Date', b'Thu, 07 May 2026 12:53:10 GMT'), (b'Server', b'Kestrel'), (b'Transfer-Encoding', b'chunked')])
2026-05-07 15:53:10,876 - INFO - _client.py - 1740 - HTTP Request: POST http://localhost:5198/api/Detection "HTTP/1.1 200 OK"
2026-05-07 15:53:10,876 - DEBUG - _trace.py - 87 - receive_response_body.started request=<Request [b'POST']>
2026-05-07 15:53:10,876 - DEBUG - _trace.py - 87 - receive_response_body.complete
2026-05-07 15:53:10,877 - DEBUG - _trace.py - 87 - response_closed.started
2026-05-07 15:53:10,877 - DEBUG - _trace.py - 87 - response_closed.complete
2026-05-07 15:53:10,878 - DEBUG - _trace.py - 87 - close.started
2026-05-07 15:53:10,879 - DEBUG - _trace.py - 87 - close.complete
2026-05-07 15:53:13,189 - DEBUG - _trace.py - 87 - connect_tcp.started host='localhost' port=5198 local_address=None timeout=30.0 socket_options=None
2026-05-07 15:53:13,192 - DEBUG - _trace.py - 87 - connect_tcp.complete return_value=<httpcore._backends.anyio.AnyIOStream object at 0x000001D6882BCE90>
2026-05-07 15:53:13,192 - DEBUG - _trace.py - 87 - send_request_headers.started request=<Request [b'POST']>
2026-05-07 15:53:13,193 - DEBUG - _trace.py - 87 - send_request_headers.complete
2026-05-07 15:53:13,193 - DEBUG - _trace.py - 87 - send_request_body.started request=<Request [b'POST']>
2026-05-07 15:53:13,193 - DEBUG - _trace.py - 87 - send_request_body.complete
2026-05-07 15:53:13,193 - DEBUG - _trace.py - 87 - receive_response_headers.started request=<Request [b'POST']>
2026-05-07 15:53:13,221 - DEBUG - _trace.py - 87 - receive_response_headers.complete return_value=(b'HTTP/1.1', 200, b'OK', [(b'Content-Type', b'application/json; charset=utf-8'), (b'Date', b'Thu, 07 May 2026 12:53:13 GMT'), (b'Server', b'Kestrel'), (b'Transfer-Encoding', b'chunked')])
2026-05-07 15:53:13,221 - INFO - _client.py - 1740 - HTTP Request: POST http://localhost:5198/api/Detection "HTTP/1.1 200 OK"
2026-05-07 15:53:13,221 - DEBUG - _trace.py - 87 - receive_response_body.started request=<Request [b'POST']>
2026-05-07 15:53:13,226 - DEBUG - _trace.py - 87 - receive_response_body.complete
2026-05-07 15:53:13,228 - DEBUG - _trace.py - 87 - response_closed.started
2026-05-07 15:53:13,228 - DEBUG - _trace.py - 87 - response_closed.complete
2026-05-07 15:53:13,231 - DEBUG - _trace.py - 87 - close.started
2026-05-07 15:53:13,231 - DEBUG - _trace.py - 87 - close.complete
2026-05-07 15:53:15,476 - DEBUG - _trace.py - 87 - connect_tcp.started host='localhost' port=5198 local_address=None timeout=30.0 socket_options=None
2026-05-07 15:53:15,479 - DEBUG - _trace.py - 87 - connect_tcp.complete return_value=<httpcore._backends.anyio.AnyIOStream object at 0x000001D6882BE9E0>
2026-05-07 15:53:15,480 - DEBUG - _trace.py - 87 - send_request_headers.started request=<Request [b'POST']>
2026-05-07 15:53:15,481 - DEBUG - _trace.py - 87 - send_request_headers.complete
2026-05-07 15:53:15,481 - DEBUG - _trace.py - 87 - send_request_body.started request=<Request [b'POST']>
2026-05-07 15:53:15,481 - DEBUG - _trace.py - 87 - send_request_body.complete
2026-05-07 15:53:15,482 - DEBUG - _trace.py - 87 - receive_response_headers.started request=<Request [b'POST']>
2026-05-07 15:53:15,526 - DEBUG - _trace.py - 87 - receive_response_headers.complete return_value=(b'HTTP/1.1', 200, b'OK', [(b'Content-Type', b'application/json; charset=utf-8'), (b'Date', b'Thu, 07 May 2026 12:53:15 GMT'), (b'Server', b'Kestrel'), (b'Transfer-Encoding', b'chunked')])
2026-05-07 15:53:15,526 - INFO - _client.py - 1740 - HTTP Request: POST http://localhost:5198/api/Detection "HTTP/1.1 200 OK"
2026-05-07 15:53:15,526 - DEBUG - _trace.py - 87 - receive_response_body.started request=<Request [b'POST']>
2026-05-07 15:53:15,526 - DEBUG - _trace.py - 87 - receive_response_body.complete
2026-05-07 15:53:15,527 - DEBUG - _trace.py - 87 - response_closed.started
2026-05-07 15:53:15,527 - DEBUG - _trace.py - 87 - response_closed.complete
2026-05-07 15:53:15,528 - DEBUG - _trace.py - 87 - close.started
2026-05-07 15:53:15,529 - DEBUG - _trace.py - 87 - close.complete
2026-05-07 15:53:17,660 - DEBUG - _trace.py - 87 - connect_tcp.started host='localhost' port=5198 local_address=None timeout=30.0 socket_options=None
2026-05-07 15:53:17,662 - DEBUG - _trace.py - 87 - connect_tcp.complete return_value=<httpcore._backends.anyio.AnyIOStream object at 0x000001D6882C4830>
2026-05-07 15:53:17,663 - DEBUG - _trace.py - 87 - send_request_headers.started request=<Request [b'POST']>
2026-05-07 15:53:17,663 - DEBUG - _trace.py - 87 - send_request_headers.complete
2026-05-07 15:53:17,663 - DEBUG - _trace.py - 87 - send_request_body.started request=<Request [b'POST']>
2026-05-07 15:53:17,664 - DEBUG - _trace.py - 87 - send_request_body.complete
2026-05-07 15:53:17,664 - DEBUG - _trace.py - 87 - receive_response_headers.started request=<Request [b'POST']>
2026-05-07 15:53:17,715 - DEBUG - _trace.py - 87 - receive_response_headers.complete return_value=(b'HTTP/1.1', 200, b'OK', [(b'Content-Type', b'application/json; charset=utf-8'), (b'Date', b'Thu, 07 May 2026 12:53:17 GMT'), (b'Server', b'Kestrel'), (b'Transfer-Encoding', b'chunked')])
2026-05-07 15:53:17,716 - INFO - _client.py - 1740 - HTTP Request: POST http://localhost:5198/api/Detection "HTTP/1.1 200 OK"
2026-05-07 15:53:17,716 - DEBUG - _trace.py - 87 - receive_response_body.started request=<Request [b'POST']>
2026-05-07 15:53:17,716 - DEBUG - _trace.py - 87 - receive_response_body.complete
2026-05-07 15:53:17,717 - DEBUG - _trace.py - 87 - response_closed.started
2026-05-07 15:53:17,718 - DEBUG - _trace.py - 87 - response_closed.complete
2026-05-07 15:53:17,719 - DEBUG - _trace.py - 87 - close.started
2026-05-07 15:53:17,719 - DEBUG - _trace.py - 87 - close.complete
2026-05-07 15:53:19,883 - DEBUG - _trace.py - 87 - connect_tcp.started host='localhost' port=5198 local_address=None timeout=30.0 socket_options=None
2026-05-07 15:53:19,885 - DEBUG - _trace.py - 87 - connect_tcp.complete return_value=<httpcore._backends.anyio.AnyIOStream object at 0x000001D6882D1040>
2026-05-07 15:53:19,886 - DEBUG - _trace.py - 87 - send_request_headers.started request=<Request [b'POST']>
2026-05-07 15:53:19,886 - DEBUG - _trace.py - 87 - send_request_headers.complete
2026-05-07 15:53:19,886 - DEBUG - _trace.py - 87 - send_request_body.started request=<Request [b'POST']>
2026-05-07 15:53:19,887 - DEBUG - _trace.py - 87 - send_request_body.complete
2026-05-07 15:53:19,887 - DEBUG - _trace.py - 87 - receive_response_headers.started request=<Request [b'POST']>
2026-05-07 15:53:19,912 - DEBUG - _trace.py - 87 - receive_response_headers.complete return_value=(b'HTTP/1.1', 200, b'OK', [(b'Content-Type', b'application/json; charset=utf-8'), (b'Date', b'Thu, 07 May 2026 12:53:19 GMT'), (b'Server', b'Kestrel'), (b'Transfer-Encoding', b'chunked')])
2026-05-07 15:53:19,913 - INFO - _client.py - 1740 - HTTP Request: POST http://localhost:5198/api/Detection "HTTP/1.1 200 OK"
2026-05-07 15:53:19,913 - DEBUG - _trace.py - 87 - receive_response_body.started request=<Request [b'POST']>
2026-05-07 15:53:19,913 - DEBUG - _trace.py - 87 - receive_response_body.complete
2026-05-07 15:53:19,914 - DEBUG - _trace.py - 87 - response_closed.started
2026-05-07 15:53:19,914 - DEBUG - _trace.py - 87 - response_closed.complete
2026-05-07 15:53:19,915 - DEBUG - _trace.py - 87 - close.started
2026-05-07 15:53:19,916 - DEBUG - _trace.py - 87 - close.complete
2026-05-07 15:53:22,055 - DEBUG - _trace.py - 87 - connect_tcp.started host='localhost' port=5198 local_address=None timeout=30.0 socket_options=None
2026-05-07 15:53:22,061 - DEBUG - _trace.py - 87 - connect_tcp.complete return_value=<httpcore._backends.anyio.AnyIOStream object at 0x000001D7774A3CE0>
2026-05-07 15:53:22,062 - DEBUG - _trace.py - 87 - send_request_headers.started request=<Request [b'POST']>
2026-05-07 15:53:22,063 - DEBUG - _trace.py - 87 - send_request_headers.complete
2026-05-07 15:53:22,063 - DEBUG - _trace.py - 87 - send_request_body.started request=<Request [b'POST']>
2026-05-07 15:53:22,063 - DEBUG - _trace.py - 87 - send_request_body.complete
2026-05-07 15:53:22,063 - DEBUG - _trace.py - 87 - receive_response_headers.started request=<Request [b'POST']>
2026-05-07 15:53:22,146 - DEBUG - _trace.py - 87 - receive_response_headers.complete return_value=(b'HTTP/1.1', 200, b'OK', [(b'Content-Type', b'application/json; charset=utf-8'), (b'Date', b'Thu, 07 May 2026 12:53:21 GMT'), (b'Server', b'Kestrel'), (b'Transfer-Encoding', b'chunked')])
2026-05-07 15:53:22,146 - INFO - _client.py - 1740 - HTTP Request: POST http://localhost:5198/api/Detection "HTTP/1.1 200 OK"
2026-05-07 15:53:22,146 - DEBUG - _trace.py - 87 - receive_response_body.started request=<Request [b'POST']>
2026-05-07 15:53:22,146 - DEBUG - _trace.py - 87 - receive_response_body.complete
2026-05-07 15:53:22,147 - DEBUG - _trace.py - 87 - response_closed.started
2026-05-07 15:53:22,147 - DEBUG - _trace.py - 87 - response_closed.complete
2026-05-07 15:53:22,149 - DEBUG - _trace.py - 87 - close.started
2026-05-07 15:53:22,149 - DEBUG - _trace.py - 87 - close.complete
2026-05-07 15:53:30,680 - INFO - logger.py - 53 - Camera worker 1004 cancelled
2026-05-07 15:53:30,988 - INFO - logger.py - 53 - Camera 1004 released
