2026-05-07 15:44:42,510 - INFO - logger.py - 24 - AI Service started
2026-05-07 15:44:42,510 - INFO - logger.py - 25 - Logging system initialized
2026-05-07 15:44:42,863 - DEBUG - _trace.py - 87 - connect_tcp.started host='localhost' port=5198 local_address=None timeout=30.0 socket_options=None
2026-05-07 15:44:42,869 - DEBUG - _trace.py - 87 - connect_tcp.complete return_value=<httpcore._backends.anyio.AnyIOStream object at 0x0000027775284830>
2026-05-07 15:44:42,870 - DEBUG - _trace.py - 87 - send_request_headers.started request=<Request [b'GET']>
2026-05-07 15:44:42,871 - DEBUG - _trace.py - 87 - send_request_headers.complete
2026-05-07 15:44:42,879 - DEBUG - _trace.py - 87 - send_request_body.started request=<Request [b'GET']>
2026-05-07 15:44:42,880 - DEBUG - _trace.py - 87 - send_request_body.complete
2026-05-07 15:44:42,880 - DEBUG - _trace.py - 87 - receive_response_headers.started request=<Request [b'GET']>
2026-05-07 15:44:42,883 - DEBUG - _trace.py - 87 - receive_response_headers.complete return_value=(b'HTTP/1.1', 200, b'OK', [(b'Content-Type', b'application/json; charset=utf-8'), (b'Date', b'Thu, 07 May 2026 12:44:42 GMT'), (b'Server', b'Kestrel'), (b'Transfer-Encoding', b'chunked')])
2026-05-07 15:44:42,883 - INFO - _client.py - 1740 - HTTP Request: GET http://localhost:5198/api/Camera/ai "HTTP/1.1 200 OK"
2026-05-07 15:44:42,883 - DEBUG - _trace.py - 87 - receive_response_body.started request=<Request [b'GET']>
2026-05-07 15:44:42,884 - DEBUG - _trace.py - 87 - receive_response_body.complete
2026-05-07 15:44:42,884 - DEBUG - _trace.py - 87 - response_closed.started
2026-05-07 15:44:42,884 - DEBUG - _trace.py - 87 - response_closed.complete
2026-05-07 15:44:42,886 - DEBUG - _trace.py - 87 - close.started
2026-05-07 15:44:42,886 - DEBUG - _trace.py - 87 - close.complete
2026-05-07 15:44:42,886 - INFO - logger.py - 53 - Loaded 1 cameras
2026-05-07 15:44:47,596 - INFO - logger.py - 53 - Loading models is success
2026-05-07 15:44:47,846 - DEBUG - _trace.py - 87 - connect_tcp.started host='localhost' port=5198 local_address=None timeout=30.0 socket_options=None
2026-05-07 15:44:47,848 - DEBUG - _trace.py - 87 - connect_tcp.complete return_value=<httpcore._backends.anyio.AnyIOStream object at 0x0000027775243890>
2026-05-07 15:44:47,849 - DEBUG - _trace.py - 87 - send_request_headers.started request=<Request [b'GET']>
2026-05-07 15:44:47,850 - DEBUG - _trace.py - 87 - send_request_headers.complete
2026-05-07 15:44:47,850 - DEBUG - _trace.py - 87 - send_request_body.started request=<Request [b'GET']>
2026-05-07 15:44:47,850 - DEBUG - _trace.py - 87 - send_request_body.complete
2026-05-07 15:44:47,850 - DEBUG - _trace.py - 87 - receive_response_headers.started request=<Request [b'GET']>
2026-05-07 15:44:47,858 - DEBUG - _trace.py - 87 - receive_response_headers.complete return_value=(b'HTTP/1.1', 200, b'OK', [(b'Content-Type', b'application/json; charset=utf-8'), (b'Date', b'Thu, 07 May 2026 12:44:47 GMT'), (b'Server', b'Kestrel'), (b'Transfer-Encoding', b'chunked')])
2026-05-07 15:44:47,859 - INFO - _client.py - 1740 - HTTP Request: GET http://localhost:5198/api/Face/get-all-faces "HTTP/1.1 200 OK"
2026-05-07 15:44:47,859 - DEBUG - _trace.py - 87 - receive_response_body.started request=<Request [b'GET']>
2026-05-07 15:44:47,859 - DEBUG - _trace.py - 87 - receive_response_body.complete
2026-05-07 15:44:47,859 - DEBUG - _trace.py - 87 - response_closed.started
2026-05-07 15:44:47,860 - DEBUG - _trace.py - 87 - response_closed.complete
2026-05-07 15:44:47,861 - DEBUG - _trace.py - 87 - close.started
2026-05-07 15:44:47,861 - DEBUG - _trace.py - 87 - close.complete
2026-05-07 15:44:49,936 - INFO - logger.py - 53 - Loading 2 faces and save them in faces.index is success
2026-05-07 15:44:49,936 - INFO - logger.py - 53 - The mode is test
2026-05-07 15:44:49,936 - INFO - logger.py - 53 - assign worker to each camera is success 1
2026-05-07 15:44:49,936 - INFO - logger.py - 53 - assign consumer is success
2026-05-07 15:44:49,936 - INFO - logger.py - 53 - workers and consumer is runing
2026-05-07 15:44:53,938 - INFO - logger.py - 53 - Camera 1 started
2026-05-07 15:45:02,786 - DEBUG - _trace.py - 87 - connect_tcp.started host='localhost' port=5198 local_address=None timeout=30.0 socket_options=None
2026-05-07 15:45:02,789 - DEBUG - _trace.py - 87 - connect_tcp.complete return_value=<httpcore._backends.anyio.AnyIOStream object at 0x00000277755CE0D0>
2026-05-07 15:45:02,790 - DEBUG - _trace.py - 87 - send_request_headers.started request=<Request [b'POST']>
2026-05-07 15:45:02,790 - DEBUG - _trace.py - 87 - send_request_headers.complete
2026-05-07 15:45:02,790 - DEBUG - _trace.py - 87 - send_request_body.started request=<Request [b'POST']>
2026-05-07 15:45:02,790 - DEBUG - _trace.py - 87 - send_request_body.complete
2026-05-07 15:45:02,790 - DEBUG - _trace.py - 87 - receive_response_headers.started request=<Request [b'POST']>
2026-05-07 15:45:02,806 - DEBUG - _trace.py - 87 - receive_response_headers.complete return_value=(b'HTTP/1.1', 400, b'Bad Request', [(b'Content-Type', b'application/json; charset=utf-8'), (b'Date', b'Thu, 07 May 2026 12:45:02 GMT'), (b'Server', b'Kestrel'), (b'Transfer-Encoding', b'chunked')])
2026-05-07 15:45:02,806 - INFO - _client.py - 1740 - HTTP Request: POST http://localhost:5198/api/Detection "HTTP/1.1 400 Bad Request"
2026-05-07 15:45:02,806 - DEBUG - _trace.py - 87 - receive_response_body.started request=<Request [b'POST']>
2026-05-07 15:45:02,806 - DEBUG - _trace.py - 87 - receive_response_body.complete
2026-05-07 15:45:02,807 - DEBUG - _trace.py - 87 - response_closed.started
2026-05-07 15:45:02,807 - DEBUG - _trace.py - 87 - response_closed.complete
2026-05-07 15:45:02,809 - DEBUG - _trace.py - 87 - close.started
2026-05-07 15:45:02,809 - DEBUG - _trace.py - 87 - close.complete
2026-05-07 15:45:02,810 - ERROR - logger.py - 53 - Failed to assign run workers and consumer Client error '400 Bad Request' for url 'http://localhost:5198/api/Detection'
For more information check: https://developer.mozilla.org/en-US/docs/Web/HTTP/Status/400
2026-05-07 15:45:02,810 - INFO - logger.py - 53 - Camera worker 1 cancelled
2026-05-07 15:45:03,113 - INFO - logger.py - 53 - Camera 1 released
