2026-05-07 15:45:58,909 - INFO - logger.py - 24 - AI Service started
2026-05-07 15:45:58,910 - INFO - logger.py - 25 - Logging system initialized
2026-05-07 15:45:59,257 - DEBUG - _trace.py - 87 - connect_tcp.started host='localhost' port=5198 local_address=None timeout=30.0 socket_options=None
2026-05-07 15:45:59,260 - DEBUG - _trace.py - 87 - connect_tcp.complete return_value=<httpcore._backends.anyio.AnyIOStream object at 0x0000020475324830>
2026-05-07 15:45:59,261 - DEBUG - _trace.py - 87 - send_request_headers.started request=<Request [b'GET']>
2026-05-07 15:45:59,261 - DEBUG - _trace.py - 87 - send_request_headers.complete
2026-05-07 15:45:59,270 - DEBUG - _trace.py - 87 - send_request_body.started request=<Request [b'GET']>
2026-05-07 15:45:59,270 - DEBUG - _trace.py - 87 - send_request_body.complete
2026-05-07 15:45:59,271 - DEBUG - _trace.py - 87 - receive_response_headers.started request=<Request [b'GET']>
2026-05-07 15:45:59,275 - DEBUG - _trace.py - 87 - receive_response_headers.complete return_value=(b'HTTP/1.1', 200, b'OK', [(b'Content-Type', b'application/json; charset=utf-8'), (b'Date', b'Thu, 07 May 2026 12:45:58 GMT'), (b'Server', b'Kestrel'), (b'Transfer-Encoding', b'chunked')])
2026-05-07 15:45:59,276 - INFO - _client.py - 1740 - HTTP Request: GET http://localhost:5198/api/Camera/ai "HTTP/1.1 200 OK"
2026-05-07 15:45:59,276 - DEBUG - _trace.py - 87 - receive_response_body.started request=<Request [b'GET']>
2026-05-07 15:45:59,276 - DEBUG - _trace.py - 87 - receive_response_body.complete
2026-05-07 15:45:59,277 - DEBUG - _trace.py - 87 - response_closed.started
2026-05-07 15:45:59,277 - DEBUG - _trace.py - 87 - response_closed.complete
2026-05-07 15:45:59,278 - DEBUG - _trace.py - 87 - close.started
2026-05-07 15:45:59,278 - DEBUG - _trace.py - 87 - close.complete
2026-05-07 15:45:59,278 - INFO - logger.py - 53 - Loaded 1 cameras
2026-05-07 15:46:04,176 - INFO - logger.py - 53 - Loading models is success
2026-05-07 15:46:04,428 - DEBUG - _trace.py - 87 - connect_tcp.started host='localhost' port=5198 local_address=None timeout=30.0 socket_options=None
2026-05-07 15:46:04,430 - DEBUG - _trace.py - 87 - connect_tcp.complete return_value=<httpcore._backends.anyio.AnyIOStream object at 0x00000204752E3890>
2026-05-07 15:46:04,431 - DEBUG - _trace.py - 87 - send_request_headers.started request=<Request [b'GET']>
2026-05-07 15:46:04,431 - DEBUG - _trace.py - 87 - send_request_headers.complete
2026-05-07 15:46:04,431 - DEBUG - _trace.py - 87 - send_request_body.started request=<Request [b'GET']>
2026-05-07 15:46:04,431 - DEBUG - _trace.py - 87 - send_request_body.complete
2026-05-07 15:46:04,431 - DEBUG - _trace.py - 87 - receive_response_headers.started request=<Request [b'GET']>
2026-05-07 15:46:04,443 - DEBUG - _trace.py - 87 - receive_response_headers.complete return_value=(b'HTTP/1.1', 200, b'OK', [(b'Content-Type', b'application/json; charset=utf-8'), (b'Date', b'Thu, 07 May 2026 12:46:03 GMT'), (b'Server', b'Kestrel'), (b'Transfer-Encoding', b'chunked')])
2026-05-07 15:46:04,443 - INFO - _client.py - 1740 - HTTP Request: GET http://localhost:5198/api/Face/get-all-faces "HTTP/1.1 200 OK"
2026-05-07 15:46:04,444 - DEBUG - _trace.py - 87 - receive_response_body.started request=<Request [b'GET']>
2026-05-07 15:46:04,444 - DEBUG - _trace.py - 87 - receive_response_body.complete
2026-05-07 15:46:04,445 - DEBUG - _trace.py - 87 - response_closed.started
2026-05-07 15:46:04,446 - DEBUG - _trace.py - 87 - response_closed.complete
2026-05-07 15:46:04,447 - DEBUG - _trace.py - 87 - close.started
2026-05-07 15:46:04,447 - DEBUG - _trace.py - 87 - close.complete
2026-05-07 15:46:06,498 - INFO - logger.py - 53 - Loading 2 faces and save them in faces.index is success
2026-05-07 15:46:06,498 - INFO - logger.py - 53 - The mode is test
2026-05-07 15:46:06,498 - INFO - logger.py - 53 - assign worker to each camera is success 1
2026-05-07 15:46:06,498 - INFO - logger.py - 53 - assign consumer is success
2026-05-07 15:46:06,498 - INFO - logger.py - 53 - workers and consumer is runing
2026-05-07 15:46:10,558 - INFO - logger.py - 53 - Camera 1 started
2026-05-07 15:46:21,392 - DEBUG - _trace.py - 87 - connect_tcp.started host='localhost' port=5198 local_address=None timeout=30.0 socket_options=None
2026-05-07 15:46:21,395 - DEBUG - _trace.py - 87 - connect_tcp.complete return_value=<httpcore._backends.anyio.AnyIOStream object at 0x000002047566E0D0>
2026-05-07 15:46:21,396 - DEBUG - _trace.py - 87 - send_request_headers.started request=<Request [b'POST']>
2026-05-07 15:46:21,396 - DEBUG - _trace.py - 87 - send_request_headers.complete
2026-05-07 15:46:21,396 - DEBUG - _trace.py - 87 - send_request_body.started request=<Request [b'POST']>
2026-05-07 15:46:21,397 - DEBUG - _trace.py - 87 - send_request_body.complete
2026-05-07 15:46:21,397 - DEBUG - _trace.py - 87 - receive_response_headers.started request=<Request [b'POST']>
2026-05-07 15:46:21,472 - DEBUG - _trace.py - 87 - receive_response_headers.complete return_value=(b'HTTP/1.1', 400, b'Bad Request', [(b'Content-Type', b'application/json; charset=utf-8'), (b'Date', b'Thu, 07 May 2026 12:46:21 GMT'), (b'Server', b'Kestrel'), (b'Transfer-Encoding', b'chunked')])
2026-05-07 15:46:21,473 - INFO - _client.py - 1740 - HTTP Request: POST http://localhost:5198/api/Detection "HTTP/1.1 400 Bad Request"
2026-05-07 15:46:21,473 - DEBUG - _trace.py - 87 - receive_response_body.started request=<Request [b'POST']>
2026-05-07 15:46:21,474 - DEBUG - _trace.py - 87 - receive_response_body.complete
2026-05-07 15:46:21,474 - DEBUG - _trace.py - 87 - response_closed.started
2026-05-07 15:46:21,475 - DEBUG - _trace.py - 87 - response_closed.complete
2026-05-07 15:46:21,476 - DEBUG - _trace.py - 87 - close.started
2026-05-07 15:46:21,477 - DEBUG - _trace.py - 87 - close.complete
2026-05-07 15:46:21,478 - ERROR - logger.py - 53 - Failed to assign run workers and consumer Client error '400 Bad Request' for url 'http://localhost:5198/api/Detection'
For more information check: https://developer.mozilla.org/en-US/docs/Web/HTTP/Status/400
2026-05-07 15:46:21,478 - INFO - logger.py - 53 - Camera worker 1 cancelled
2026-05-07 15:46:21,788 - INFO - logger.py - 53 - Camera 1 released
