2026-05-07 15:54:50,674 - INFO - logger.py - 24 - AI Service started
2026-05-07 15:54:50,674 - INFO - logger.py - 25 - Logging system initialized
2026-05-07 15:54:51,042 - DEBUG - _trace.py - 87 - connect_tcp.started host='localhost' port=5198 local_address=None timeout=30.0 socket_options=None
2026-05-07 15:54:51,046 - DEBUG - _trace.py - 87 - connect_tcp.complete return_value=<httpcore._backends.anyio.AnyIOStream object at 0x000001B9F6D34980>
2026-05-07 15:54:51,047 - DEBUG - _trace.py - 87 - send_request_headers.started request=<Request [b'GET']>
2026-05-07 15:54:51,047 - DEBUG - _trace.py - 87 - send_request_headers.complete
2026-05-07 15:54:51,049 - DEBUG - _trace.py - 87 - send_request_body.started request=<Request [b'GET']>
2026-05-07 15:54:51,049 - DEBUG - _trace.py - 87 - send_request_body.complete
2026-05-07 15:54:51,049 - DEBUG - _trace.py - 87 - receive_response_headers.started request=<Request [b'GET']>
2026-05-07 15:54:51,089 - DEBUG - _trace.py - 87 - receive_response_headers.complete return_value=(b'HTTP/1.1', 200, b'OK', [(b'Content-Type', b'application/json; charset=utf-8'), (b'Date', b'Thu, 07 May 2026 12:54:50 GMT'), (b'Server', b'Kestrel'), (b'Transfer-Encoding', b'chunked')])
2026-05-07 15:54:51,090 - INFO - _client.py - 1740 - HTTP Request: GET http://localhost:5198/api/Camera/ai "HTTP/1.1 200 OK"
2026-05-07 15:54:51,090 - DEBUG - _trace.py - 87 - receive_response_body.started request=<Request [b'GET']>
2026-05-07 15:54:51,090 - DEBUG - _trace.py - 87 - receive_response_body.complete
2026-05-07 15:54:51,091 - DEBUG - _trace.py - 87 - response_closed.started
2026-05-07 15:54:51,091 - DEBUG - _trace.py - 87 - response_closed.complete
2026-05-07 15:54:51,092 - DEBUG - _trace.py - 87 - close.started
2026-05-07 15:54:51,093 - DEBUG - _trace.py - 87 - close.complete
2026-05-07 15:54:51,093 - INFO - logger.py - 53 - Loaded 1 cameras
2026-05-07 15:54:55,977 - INFO - logger.py - 53 - Loading models is success
2026-05-07 15:54:56,266 - DEBUG - _trace.py - 87 - connect_tcp.started host='localhost' port=5198 local_address=None timeout=30.0 socket_options=None
2026-05-07 15:54:56,269 - DEBUG - _trace.py - 87 - connect_tcp.complete return_value=<httpcore._backends.anyio.AnyIOStream object at 0x000001B9F6CF3890>
2026-05-07 15:54:56,270 - DEBUG - _trace.py - 87 - send_request_headers.started request=<Request [b'GET']>
2026-05-07 15:54:56,270 - DEBUG - _trace.py - 87 - send_request_headers.complete
2026-05-07 15:54:56,271 - DEBUG - _trace.py - 87 - send_request_body.started request=<Request [b'GET']>
2026-05-07 15:54:56,271 - DEBUG - _trace.py - 87 - send_request_body.complete
2026-05-07 15:54:56,271 - DEBUG - _trace.py - 87 - receive_response_headers.started request=<Request [b'GET']>
2026-05-07 15:54:56,281 - DEBUG - _trace.py - 87 - receive_response_headers.complete return_value=(b'HTTP/1.1', 200, b'OK', [(b'Content-Type', b'application/json; charset=utf-8'), (b'Date', b'Thu, 07 May 2026 12:54:55 GMT'), (b'Server', b'Kestrel'), (b'Transfer-Encoding', b'chunked')])
2026-05-07 15:54:56,282 - INFO - _client.py - 1740 - HTTP Request: GET http://localhost:5198/api/Face/get-all-faces "HTTP/1.1 200 OK"
2026-05-07 15:54:56,282 - DEBUG - _trace.py - 87 - receive_response_body.started request=<Request [b'GET']>
2026-05-07 15:54:56,282 - DEBUG - _trace.py - 87 - receive_response_body.complete
2026-05-07 15:54:56,283 - DEBUG - _trace.py - 87 - response_closed.started
2026-05-07 15:54:56,283 - DEBUG - _trace.py - 87 - response_closed.complete
2026-05-07 15:54:56,284 - DEBUG - _trace.py - 87 - close.started
2026-05-07 15:54:56,285 - DEBUG - _trace.py - 87 - close.complete
2026-05-07 15:54:58,356 - INFO - logger.py - 53 - Loading 2 faces and save them in faces.index is success
2026-05-07 15:54:58,356 - INFO - logger.py - 53 - The mode is test
2026-05-07 15:54:58,356 - INFO - logger.py - 53 - assign worker to each camera is success 1
2026-05-07 15:54:58,356 - INFO - logger.py - 53 - assign consumer is success
2026-05-07 15:54:58,356 - INFO - logger.py - 53 - workers and consumer is runing
2026-05-07 15:55:02,504 - INFO - logger.py - 53 - Camera 1004 started
2026-05-07 15:55:05,266 - DEBUG - _trace.py - 87 - connect_tcp.started host='localhost' port=5198 local_address=None timeout=30.0 socket_options=None
2026-05-07 15:55:05,269 - DEBUG - _trace.py - 87 - connect_tcp.complete return_value=<httpcore._backends.anyio.AnyIOStream object at 0x000001B9282BDF90>
2026-05-07 15:55:05,269 - DEBUG - _trace.py - 87 - send_request_headers.started request=<Request [b'POST']>
2026-05-07 15:55:05,271 - DEBUG - _trace.py - 87 - send_request_headers.complete
2026-05-07 15:55:05,271 - DEBUG - _trace.py - 87 - send_request_body.started request=<Request [b'POST']>
2026-05-07 15:55:05,271 - DEBUG - _trace.py - 87 - send_request_body.complete
2026-05-07 15:55:05,271 - DEBUG - _trace.py - 87 - receive_response_headers.started request=<Request [b'POST']>
2026-05-07 15:55:05,337 - DEBUG - _trace.py - 87 - receive_response_headers.complete return_value=(b'HTTP/1.1', 200, b'OK', [(b'Content-Type', b'application/json; charset=utf-8'), (b'Date', b'Thu, 07 May 2026 12:55:05 GMT'), (b'Server', b'Kestrel'), (b'Transfer-Encoding', b'chunked')])
2026-05-07 15:55:05,337 - INFO - _client.py - 1740 - HTTP Request: POST http://localhost:5198/api/Detection "HTTP/1.1 200 OK"
2026-05-07 15:55:05,338 - DEBUG - _trace.py - 87 - receive_response_body.started request=<Request [b'POST']>
2026-05-07 15:55:05,338 - DEBUG - _trace.py - 87 - receive_response_body.complete
2026-05-07 15:55:05,338 - DEBUG - _trace.py - 87 - response_closed.started
2026-05-07 15:55:05,339 - DEBUG - _trace.py - 87 - response_closed.complete
2026-05-07 15:55:05,340 - DEBUG - _trace.py - 87 - close.started
2026-05-07 15:55:05,341 - DEBUG - _trace.py - 87 - close.complete
2026-05-07 15:55:09,512 - DEBUG - _trace.py - 87 - connect_tcp.started host='localhost' port=5198 local_address=None timeout=30.0 socket_options=None
2026-05-07 15:55:09,515 - DEBUG - _trace.py - 87 - connect_tcp.complete return_value=<httpcore._backends.anyio.AnyIOStream object at 0x000001B9282A5F30>
2026-05-07 15:55:09,516 - DEBUG - _trace.py - 87 - send_request_headers.started request=<Request [b'POST']>
2026-05-07 15:55:09,517 - DEBUG - _trace.py - 87 - send_request_headers.complete
2026-05-07 15:55:09,517 - DEBUG - _trace.py - 87 - send_request_body.started request=<Request [b'POST']>
2026-05-07 15:55:09,517 - DEBUG - _trace.py - 87 - send_request_body.complete
2026-05-07 15:55:09,517 - DEBUG - _trace.py - 87 - receive_response_headers.started request=<Request [b'POST']>
2026-05-07 15:55:09,619 - DEBUG - _trace.py - 87 - receive_response_headers.complete return_value=(b'HTTP/1.1', 200, b'OK', [(b'Content-Type', b'application/json; charset=utf-8'), (b'Date', b'Thu, 07 May 2026 12:55:09 GMT'), (b'Server', b'Kestrel'), (b'Transfer-Encoding', b'chunked')])
2026-05-07 15:55:09,620 - INFO - _client.py - 1740 - HTTP Request: POST http://localhost:5198/api/Detection "HTTP/1.1 200 OK"
2026-05-07 15:55:09,620 - DEBUG - _trace.py - 87 - receive_response_body.started request=<Request [b'POST']>
2026-05-07 15:55:09,620 - DEBUG - _trace.py - 87 - receive_response_body.complete
2026-05-07 15:55:09,621 - DEBUG - _trace.py - 87 - response_closed.started
2026-05-07 15:55:09,622 - DEBUG - _trace.py - 87 - response_closed.complete
2026-05-07 15:55:09,623 - DEBUG - _trace.py - 87 - close.started
2026-05-07 15:55:09,624 - DEBUG - _trace.py - 87 - close.complete
2026-05-07 15:55:21,552 - DEBUG - _trace.py - 87 - connect_tcp.started host='localhost' port=5198 local_address=None timeout=30.0 socket_options=None
2026-05-07 15:55:21,554 - DEBUG - _trace.py - 87 - connect_tcp.complete return_value=<httpcore._backends.anyio.AnyIOStream object at 0x000001B9282A7A80>
2026-05-07 15:55:21,555 - DEBUG - _trace.py - 87 - send_request_headers.started request=<Request [b'POST']>
2026-05-07 15:55:21,556 - DEBUG - _trace.py - 87 - send_request_headers.complete
2026-05-07 15:55:21,556 - DEBUG - _trace.py - 87 - send_request_body.started request=<Request [b'POST']>
2026-05-07 15:55:21,556 - DEBUG - _trace.py - 87 - send_request_body.complete
2026-05-07 15:55:21,556 - DEBUG - _trace.py - 87 - receive_response_headers.started request=<Request [b'POST']>
2026-05-07 15:55:21,575 - DEBUG - _trace.py - 87 - receive_response_headers.complete return_value=(b'HTTP/1.1', 200, b'OK', [(b'Content-Type', b'application/json; charset=utf-8'), (b'Date', b'Thu, 07 May 2026 12:55:21 GMT'), (b'Server', b'Kestrel'), (b'Transfer-Encoding', b'chunked')])
2026-05-07 15:55:21,575 - INFO - _client.py - 1740 - HTTP Request: POST http://localhost:5198/api/Detection "HTTP/1.1 200 OK"
2026-05-07 15:55:21,575 - DEBUG - _trace.py - 87 - receive_response_body.started request=<Request [b'POST']>
2026-05-07 15:55:21,576 - DEBUG - _trace.py - 87 - receive_response_body.complete
2026-05-07 15:55:21,576 - DEBUG - _trace.py - 87 - response_closed.started
2026-05-07 15:55:21,576 - DEBUG - _trace.py - 87 - response_closed.complete
2026-05-07 15:55:21,577 - DEBUG - _trace.py - 87 - close.started
2026-05-07 15:55:21,578 - DEBUG - _trace.py - 87 - close.complete
2026-05-07 15:55:27,358 - DEBUG - _trace.py - 87 - connect_tcp.started host='localhost' port=5198 local_address=None timeout=30.0 socket_options=None
2026-05-07 15:55:27,361 - DEBUG - _trace.py - 87 - connect_tcp.complete return_value=<httpcore._backends.anyio.AnyIOStream object at 0x000001B928202C30>
2026-05-07 15:55:27,362 - DEBUG - _trace.py - 87 - send_request_headers.started request=<Request [b'POST']>
2026-05-07 15:55:27,362 - DEBUG - _trace.py - 87 - send_request_headers.complete
2026-05-07 15:55:27,362 - DEBUG - _trace.py - 87 - send_request_body.started request=<Request [b'POST']>
2026-05-07 15:55:27,362 - DEBUG - _trace.py - 87 - send_request_body.complete
2026-05-07 15:55:27,363 - DEBUG - _trace.py - 87 - receive_response_headers.started request=<Request [b'POST']>
2026-05-07 15:55:27,378 - DEBUG - _trace.py - 87 - receive_response_headers.complete return_value=(b'HTTP/1.1', 200, b'OK', [(b'Content-Type', b'application/json; charset=utf-8'), (b'Date', b'Thu, 07 May 2026 12:55:27 GMT'), (b'Server', b'Kestrel'), (b'Transfer-Encoding', b'chunked')])
2026-05-07 15:55:27,378 - INFO - _client.py - 1740 - HTTP Request: POST http://localhost:5198/api/Detection "HTTP/1.1 200 OK"
2026-05-07 15:55:27,378 - DEBUG - _trace.py - 87 - receive_response_body.started request=<Request [b'POST']>
2026-05-07 15:55:27,378 - DEBUG - _trace.py - 87 - receive_response_body.complete
2026-05-07 15:55:27,379 - DEBUG - _trace.py - 87 - response_closed.started
2026-05-07 15:55:27,379 - DEBUG - _trace.py - 87 - response_closed.complete
2026-05-07 15:55:27,380 - DEBUG - _trace.py - 87 - close.started
2026-05-07 15:55:27,380 - DEBUG - _trace.py - 87 - close.complete
2026-05-07 15:55:41,642 - DEBUG - _trace.py - 87 - connect_tcp.started host='localhost' port=5198 local_address=None timeout=30.0 socket_options=None
2026-05-07 15:55:41,645 - DEBUG - _trace.py - 87 - connect_tcp.complete return_value=<httpcore._backends.anyio.AnyIOStream object at 0x000001B92823AE00>
2026-05-07 15:55:41,646 - DEBUG - _trace.py - 87 - send_request_headers.started request=<Request [b'POST']>
2026-05-07 15:55:41,646 - DEBUG - _trace.py - 87 - send_request_headers.complete
2026-05-07 15:55:41,646 - DEBUG - _trace.py - 87 - send_request_body.started request=<Request [b'POST']>
2026-05-07 15:55:41,646 - DEBUG - _trace.py - 87 - send_request_body.complete
2026-05-07 15:55:41,647 - DEBUG - _trace.py - 87 - receive_response_headers.started request=<Request [b'POST']>
2026-05-07 15:55:41,664 - DEBUG - _trace.py - 87 - receive_response_headers.complete return_value=(b'HTTP/1.1', 200, b'OK', [(b'Content-Type', b'application/json; charset=utf-8'), (b'Date', b'Thu, 07 May 2026 12:55:41 GMT'), (b'Server', b'Kestrel'), (b'Transfer-Encoding', b'chunked')])
2026-05-07 15:55:41,665 - INFO - _client.py - 1740 - HTTP Request: POST http://localhost:5198/api/Detection "HTTP/1.1 200 OK"
2026-05-07 15:55:41,665 - DEBUG - _trace.py - 87 - receive_response_body.started request=<Request [b'POST']>
2026-05-07 15:55:41,666 - DEBUG - _trace.py - 87 - receive_response_body.complete
2026-05-07 15:55:41,666 - DEBUG - _trace.py - 87 - response_closed.started
2026-05-07 15:55:41,666 - DEBUG - _trace.py - 87 - response_closed.complete
2026-05-07 15:55:41,668 - DEBUG - _trace.py - 87 - close.started
2026-05-07 15:55:41,668 - DEBUG - _trace.py - 87 - close.complete
2026-05-07 15:55:46,166 - DEBUG - _trace.py - 87 - connect_tcp.started host='localhost' port=5198 local_address=None timeout=30.0 socket_options=None
2026-05-07 15:55:46,169 - DEBUG - _trace.py - 87 - connect_tcp.complete return_value=<httpcore._backends.anyio.AnyIOStream object at 0x000001B9282E86B0>
2026-05-07 15:55:46,169 - DEBUG - _trace.py - 87 - send_request_headers.started request=<Request [b'POST']>
2026-05-07 15:55:46,170 - DEBUG - _trace.py - 87 - send_request_headers.complete
2026-05-07 15:55:46,170 - DEBUG - _trace.py - 87 - send_request_body.started request=<Request [b'POST']>
2026-05-07 15:55:46,171 - DEBUG - _trace.py - 87 - send_request_body.complete
2026-05-07 15:55:46,171 - DEBUG - _trace.py - 87 - receive_response_headers.started request=<Request [b'POST']>
2026-05-07 15:55:46,187 - DEBUG - _trace.py - 87 - receive_response_headers.complete return_value=(b'HTTP/1.1', 200, b'OK', [(b'Content-Type', b'application/json; charset=utf-8'), (b'Date', b'Thu, 07 May 2026 12:55:45 GMT'), (b'Server', b'Kestrel'), (b'Transfer-Encoding', b'chunked')])
2026-05-07 15:55:46,187 - INFO - _client.py - 1740 - HTTP Request: POST http://localhost:5198/api/Detection "HTTP/1.1 200 OK"
2026-05-07 15:55:46,187 - DEBUG - _trace.py - 87 - receive_response_body.started request=<Request [b'POST']>
2026-05-07 15:55:46,188 - DEBUG - _trace.py - 87 - receive_response_body.complete
2026-05-07 15:55:46,189 - DEBUG - _trace.py - 87 - response_closed.started
2026-05-07 15:55:46,189 - DEBUG - _trace.py - 87 - response_closed.complete
2026-05-07 15:55:46,190 - DEBUG - _trace.py - 87 - close.started
2026-05-07 15:55:46,190 - DEBUG - _trace.py - 87 - close.complete
2026-05-07 15:55:54,255 - DEBUG - _trace.py - 87 - connect_tcp.started host='localhost' port=5198 local_address=None timeout=30.0 socket_options=None
2026-05-07 15:55:54,257 - DEBUG - _trace.py - 87 - connect_tcp.complete return_value=<httpcore._backends.anyio.AnyIOStream object at 0x000001B9F6D17C50>
2026-05-07 15:55:54,258 - DEBUG - _trace.py - 87 - send_request_headers.started request=<Request [b'POST']>
2026-05-07 15:55:54,259 - DEBUG - _trace.py - 87 - send_request_headers.complete
2026-05-07 15:55:54,259 - DEBUG - _trace.py - 87 - send_request_body.started request=<Request [b'POST']>
2026-05-07 15:55:54,259 - DEBUG - _trace.py - 87 - send_request_body.complete
2026-05-07 15:55:54,259 - DEBUG - _trace.py - 87 - receive_response_headers.started request=<Request [b'POST']>
2026-05-07 15:55:54,297 - DEBUG - _trace.py - 87 - receive_response_headers.complete return_value=(b'HTTP/1.1', 200, b'OK', [(b'Content-Type', b'application/json; charset=utf-8'), (b'Date', b'Thu, 07 May 2026 12:55:53 GMT'), (b'Server', b'Kestrel'), (b'Transfer-Encoding', b'chunked')])
2026-05-07 15:55:54,297 - INFO - _client.py - 1740 - HTTP Request: POST http://localhost:5198/api/Detection "HTTP/1.1 200 OK"
2026-05-07 15:55:54,298 - DEBUG - _trace.py - 87 - receive_response_body.started request=<Request [b'POST']>
2026-05-07 15:55:54,298 - DEBUG - _trace.py - 87 - receive_response_body.complete
2026-05-07 15:55:54,298 - DEBUG - _trace.py - 87 - response_closed.started
2026-05-07 15:55:54,299 - DEBUG - _trace.py - 87 - response_closed.complete
2026-05-07 15:55:54,300 - DEBUG - _trace.py - 87 - close.started
2026-05-07 15:55:54,300 - DEBUG - _trace.py - 87 - close.complete
2026-05-07 15:56:05,958 - INFO - logger.py - 53 - Camera worker 1004 cancelled
2026-05-07 15:56:06,302 - INFO - logger.py - 53 - Camera 1004 released
