2026-05-07 15:21:06,027 - INFO - logger.py - 24 - AI Service started
2026-05-07 15:21:06,027 - INFO - logger.py - 25 - Logging system initialized
2026-05-07 15:21:06,340 - DEBUG - _trace.py - 87 - connect_tcp.started host='localhost' port=5198 local_address=None timeout=30.0 socket_options=None
2026-05-07 15:21:06,344 - DEBUG - _trace.py - 87 - connect_tcp.complete return_value=<httpcore._backends.anyio.AnyIOStream object at 0x000001BB75284830>
2026-05-07 15:21:06,344 - DEBUG - _trace.py - 87 - send_request_headers.started request=<Request [b'GET']>
2026-05-07 15:21:06,345 - DEBUG - _trace.py - 87 - send_request_headers.complete
2026-05-07 15:21:06,346 - DEBUG - _trace.py - 87 - send_request_body.started request=<Request [b'GET']>
2026-05-07 15:21:06,346 - DEBUG - _trace.py - 87 - send_request_body.complete
2026-05-07 15:21:06,346 - DEBUG - _trace.py - 87 - receive_response_headers.started request=<Request [b'GET']>
2026-05-07 15:21:06,356 - DEBUG - _trace.py - 87 - receive_response_headers.complete return_value=(b'HTTP/1.1', 200, b'OK', [(b'Content-Type', b'application/json; charset=utf-8'), (b'Date', b'Thu, 07 May 2026 12:21:05 GMT'), (b'Server', b'Kestrel'), (b'Transfer-Encoding', b'chunked')])
2026-05-07 15:21:06,357 - INFO - _client.py - 1740 - HTTP Request: GET http://localhost:5198/api/Camera/ai "HTTP/1.1 200 OK"
2026-05-07 15:21:06,357 - DEBUG - _trace.py - 87 - receive_response_body.started request=<Request [b'GET']>
2026-05-07 15:21:06,357 - DEBUG - _trace.py - 87 - receive_response_body.complete
2026-05-07 15:21:06,358 - DEBUG - _trace.py - 87 - response_closed.started
2026-05-07 15:21:06,358 - DEBUG - _trace.py - 87 - response_closed.complete
2026-05-07 15:21:06,359 - DEBUG - _trace.py - 87 - close.started
2026-05-07 15:21:06,359 - DEBUG - _trace.py - 87 - close.complete
2026-05-07 15:21:06,360 - INFO - logger.py - 53 - Loaded 1 cameras
2026-05-07 15:21:10,895 - INFO - logger.py - 53 - Loading models is success
2026-05-07 15:21:11,118 - DEBUG - _trace.py - 87 - connect_tcp.started host='localhost' port=5198 local_address=None timeout=30.0 socket_options=None
2026-05-07 15:21:11,120 - DEBUG - _trace.py - 87 - connect_tcp.complete return_value=<httpcore._backends.anyio.AnyIOStream object at 0x000001BB75243890>
2026-05-07 15:21:11,121 - DEBUG - _trace.py - 87 - send_request_headers.started request=<Request [b'GET']>
2026-05-07 15:21:11,121 - DEBUG - _trace.py - 87 - send_request_headers.complete
2026-05-07 15:21:11,121 - DEBUG - _trace.py - 87 - send_request_body.started request=<Request [b'GET']>
2026-05-07 15:21:11,121 - DEBUG - _trace.py - 87 - send_request_body.complete
2026-05-07 15:21:11,121 - DEBUG - _trace.py - 87 - receive_response_headers.started request=<Request [b'GET']>
2026-05-07 15:21:11,140 - DEBUG - _trace.py - 87 - receive_response_headers.complete return_value=(b'HTTP/1.1', 200, b'OK', [(b'Content-Type', b'application/json; charset=utf-8'), (b'Date', b'Thu, 07 May 2026 12:21:10 GMT'), (b'Server', b'Kestrel'), (b'Transfer-Encoding', b'chunked')])
2026-05-07 15:21:11,141 - INFO - _client.py - 1740 - HTTP Request: GET http://localhost:5198/api/Face/get-all-faces "HTTP/1.1 200 OK"
2026-05-07 15:21:11,141 - DEBUG - _trace.py - 87 - receive_response_body.started request=<Request [b'GET']>
2026-05-07 15:21:11,141 - DEBUG - _trace.py - 87 - receive_response_body.complete
2026-05-07 15:21:11,141 - DEBUG - _trace.py - 87 - response_closed.started
2026-05-07 15:21:11,142 - DEBUG - _trace.py - 87 - response_closed.complete
2026-05-07 15:21:11,142 - DEBUG - _trace.py - 87 - close.started
2026-05-07 15:21:11,143 - DEBUG - _trace.py - 87 - close.complete
2026-05-07 15:21:12,975 - INFO - logger.py - 53 - Loading 2 faces and save them in faces.index is success
2026-05-07 15:21:12,975 - INFO - logger.py - 53 - The mode is test
2026-05-07 15:21:12,975 - INFO - logger.py - 53 - assign worker to each camera is success 1
2026-05-07 15:21:12,975 - INFO - logger.py - 53 - assign consumer is success
2026-05-07 15:21:12,975 - INFO - logger.py - 53 - workers and consumer is runing
2026-05-07 15:21:17,181 - INFO - logger.py - 53 - Camera 1 started
2026-05-07 15:21:35,836 - DEBUG - _trace.py - 87 - connect_tcp.started host='localhost' port=5198 local_address=None timeout=30.0 socket_options=None
2026-05-07 15:21:35,839 - DEBUG - _trace.py - 87 - connect_tcp.complete return_value=<httpcore._backends.anyio.AnyIOStream object at 0x000001BB755CDF90>
2026-05-07 15:21:35,840 - DEBUG - _trace.py - 87 - send_request_headers.started request=<Request [b'POST']>
2026-05-07 15:21:35,841 - DEBUG - _trace.py - 87 - send_request_headers.complete
2026-05-07 15:21:35,842 - DEBUG - _trace.py - 87 - send_request_body.started request=<Request [b'POST']>
2026-05-07 15:21:35,842 - DEBUG - _trace.py - 87 - send_request_body.complete
2026-05-07 15:21:35,842 - DEBUG - _trace.py - 87 - receive_response_headers.started request=<Request [b'POST']>
2026-05-07 15:21:35,852 - DEBUG - _trace.py - 87 - receive_response_headers.complete return_value=(b'HTTP/1.1', 400, b'Bad Request', [(b'Content-Type', b'application/json; charset=utf-8'), (b'Date', b'Thu, 07 May 2026 12:21:35 GMT'), (b'Server', b'Kestrel'), (b'Transfer-Encoding', b'chunked')])
2026-05-07 15:21:35,853 - INFO - _client.py - 1740 - HTTP Request: POST http://localhost:5198/api/Detection "HTTP/1.1 400 Bad Request"
2026-05-07 15:21:35,853 - DEBUG - _trace.py - 87 - receive_response_body.started request=<Request [b'POST']>
2026-05-07 15:21:35,853 - DEBUG - _trace.py - 87 - receive_response_body.complete
2026-05-07 15:21:35,854 - DEBUG - _trace.py - 87 - response_closed.started
2026-05-07 15:21:35,854 - DEBUG - _trace.py - 87 - response_closed.complete
2026-05-07 15:21:35,855 - DEBUG - _trace.py - 87 - close.started
2026-05-07 15:21:35,855 - DEBUG - _trace.py - 87 - close.complete
2026-05-07 15:21:35,855 - ERROR - logger.py - 53 - Failed to assign run workers and consumer Client error '400 Bad Request' for url 'http://localhost:5198/api/Detection'
For more information check: https://developer.mozilla.org/en-US/docs/Web/HTTP/Status/400
2026-05-07 15:21:35,855 - INFO - logger.py - 53 - Camera worker 1 cancelled
2026-05-07 15:21:36,162 - INFO - logger.py - 53 - Camera 1 released
