2026-05-07 15:31:33,394 - INFO - logger.py - 24 - AI Service started
2026-05-07 15:31:33,394 - INFO - logger.py - 25 - Logging system initialized
2026-05-07 15:31:33,742 - DEBUG - _trace.py - 87 - connect_tcp.started host='localhost' port=5198 local_address=None timeout=30.0 socket_options=None
2026-05-07 15:31:33,745 - DEBUG - _trace.py - 87 - connect_tcp.complete return_value=<httpcore._backends.anyio.AnyIOStream object at 0x000001B7F3E94830>
2026-05-07 15:31:33,746 - DEBUG - _trace.py - 87 - send_request_headers.started request=<Request [b'GET']>
2026-05-07 15:31:33,747 - DEBUG - _trace.py - 87 - send_request_headers.complete
2026-05-07 15:31:33,747 - DEBUG - _trace.py - 87 - send_request_body.started request=<Request [b'GET']>
2026-05-07 15:31:33,747 - DEBUG - _trace.py - 87 - send_request_body.complete
2026-05-07 15:31:33,747 - DEBUG - _trace.py - 87 - receive_response_headers.started request=<Request [b'GET']>
2026-05-07 15:31:33,801 - DEBUG - _trace.py - 87 - receive_response_headers.complete return_value=(b'HTTP/1.1', 200, b'OK', [(b'Content-Type', b'application/json; charset=utf-8'), (b'Date', b'Thu, 07 May 2026 12:31:33 GMT'), (b'Server', b'Kestrel'), (b'Transfer-Encoding', b'chunked')])
2026-05-07 15:31:33,802 - INFO - _client.py - 1740 - HTTP Request: GET http://localhost:5198/api/Camera/ai "HTTP/1.1 200 OK"
2026-05-07 15:31:33,802 - DEBUG - _trace.py - 87 - receive_response_body.started request=<Request [b'GET']>
2026-05-07 15:31:33,803 - DEBUG - _trace.py - 87 - receive_response_body.complete
2026-05-07 15:31:33,803 - DEBUG - _trace.py - 87 - response_closed.started
2026-05-07 15:31:33,803 - DEBUG - _trace.py - 87 - response_closed.complete
2026-05-07 15:31:33,805 - DEBUG - _trace.py - 87 - close.started
2026-05-07 15:31:33,805 - DEBUG - _trace.py - 87 - close.complete
2026-05-07 15:31:33,806 - INFO - logger.py - 53 - Loaded 1 cameras
2026-05-07 15:31:38,752 - INFO - logger.py - 53 - Loading models is success
2026-05-07 15:31:39,035 - DEBUG - _trace.py - 87 - connect_tcp.started host='localhost' port=5198 local_address=None timeout=30.0 socket_options=None
2026-05-07 15:31:39,039 - DEBUG - _trace.py - 87 - connect_tcp.complete return_value=<httpcore._backends.anyio.AnyIOStream object at 0x000001B7F3E53890>
2026-05-07 15:31:39,040 - DEBUG - _trace.py - 87 - send_request_headers.started request=<Request [b'GET']>
2026-05-07 15:31:39,040 - DEBUG - _trace.py - 87 - send_request_headers.complete
2026-05-07 15:31:39,040 - DEBUG - _trace.py - 87 - send_request_body.started request=<Request [b'GET']>
2026-05-07 15:31:39,040 - DEBUG - _trace.py - 87 - send_request_body.complete
2026-05-07 15:31:39,040 - DEBUG - _trace.py - 87 - receive_response_headers.started request=<Request [b'GET']>
2026-05-07 15:31:39,053 - DEBUG - _trace.py - 87 - receive_response_headers.complete return_value=(b'HTTP/1.1', 200, b'OK', [(b'Content-Type', b'application/json; charset=utf-8'), (b'Date', b'Thu, 07 May 2026 12:31:38 GMT'), (b'Server', b'Kestrel'), (b'Transfer-Encoding', b'chunked')])
2026-05-07 15:31:39,053 - INFO - _client.py - 1740 - HTTP Request: GET http://localhost:5198/api/Face/get-all-faces "HTTP/1.1 200 OK"
2026-05-07 15:31:39,053 - DEBUG - _trace.py - 87 - receive_response_body.started request=<Request [b'GET']>
2026-05-07 15:31:39,054 - DEBUG - _trace.py - 87 - receive_response_body.complete
2026-05-07 15:31:39,055 - DEBUG - _trace.py - 87 - response_closed.started
2026-05-07 15:31:39,055 - DEBUG - _trace.py - 87 - response_closed.complete
2026-05-07 15:31:39,057 - DEBUG - _trace.py - 87 - close.started
2026-05-07 15:31:39,057 - DEBUG - _trace.py - 87 - close.complete
2026-05-07 15:31:40,974 - INFO - logger.py - 53 - Loading 2 faces and save them in faces.index is success
2026-05-07 15:31:40,975 - INFO - logger.py - 53 - The mode is test
2026-05-07 15:31:40,975 - INFO - logger.py - 53 - assign worker to each camera is success 1
2026-05-07 15:31:40,975 - INFO - logger.py - 53 - assign consumer is success
2026-05-07 15:31:40,975 - INFO - logger.py - 53 - workers and consumer is runing
2026-05-07 15:31:45,359 - INFO - logger.py - 53 - Camera 1 started
2026-05-07 15:32:00,454 - DEBUG - _trace.py - 87 - connect_tcp.started host='localhost' port=5198 local_address=None timeout=30.0 socket_options=None
2026-05-07 15:32:00,458 - DEBUG - _trace.py - 87 - connect_tcp.complete return_value=<httpcore._backends.anyio.AnyIOStream object at 0x000001B7F41DE0D0>
2026-05-07 15:32:00,459 - DEBUG - _trace.py - 87 - send_request_headers.started request=<Request [b'POST']>
2026-05-07 15:32:00,460 - DEBUG - _trace.py - 87 - send_request_headers.complete
2026-05-07 15:32:00,460 - DEBUG - _trace.py - 87 - send_request_body.started request=<Request [b'POST']>
2026-05-07 15:32:00,460 - DEBUG - _trace.py - 87 - send_request_body.complete
2026-05-07 15:32:00,460 - DEBUG - _trace.py - 87 - receive_response_headers.started request=<Request [b'POST']>
2026-05-07 15:32:00,509 - DEBUG - _trace.py - 87 - receive_response_headers.complete return_value=(b'HTTP/1.1', 400, b'Bad Request', [(b'Content-Type', b'application/json; charset=utf-8'), (b'Date', b'Thu, 07 May 2026 12:32:00 GMT'), (b'Server', b'Kestrel'), (b'Transfer-Encoding', b'chunked')])
2026-05-07 15:32:00,510 - INFO - _client.py - 1740 - HTTP Request: POST http://localhost:5198/api/Detection "HTTP/1.1 400 Bad Request"
2026-05-07 15:32:00,510 - DEBUG - _trace.py - 87 - receive_response_body.started request=<Request [b'POST']>
2026-05-07 15:32:00,510 - DEBUG - _trace.py - 87 - receive_response_body.complete
2026-05-07 15:32:00,511 - DEBUG - _trace.py - 87 - response_closed.started
2026-05-07 15:32:00,512 - DEBUG - _trace.py - 87 - response_closed.complete
2026-05-07 15:32:00,513 - DEBUG - _trace.py - 87 - close.started
2026-05-07 15:32:00,513 - DEBUG - _trace.py - 87 - close.complete
2026-05-07 15:32:00,514 - ERROR - logger.py - 53 - Failed to assign run workers and consumer Client error '400 Bad Request' for url 'http://localhost:5198/api/Detection'
For more information check: https://developer.mozilla.org/en-US/docs/Web/HTTP/Status/400
2026-05-07 15:32:00,514 - INFO - logger.py - 53 - Camera worker 1 cancelled
2026-05-07 15:32:00,819 - INFO - logger.py - 53 - Camera 1 released
